Archive member included to satisfy reference by file (symbol)

D:/msys64/opt/devkitpro/libogc/lib/wii\libwiiuse.a(wpad.o)
                              main.o (WPAD_Init)
D:/msys64/opt/devkitpro/libogc/lib/wii\libwiiuse.a(motion_plus.o)
                              D:/msys64/opt/devkitpro/libogc/lib/wii\libwiiuse.a(wpad.o) (wiiuse_set_motion_plus)
D:/msys64/opt/devkitpro/libogc/lib/wii\libwiiuse.a(dynamics.o)
                              D:/msys64/opt/devkitpro/libogc/lib/wii\libwiiuse.a(wpad.o) (calculate_gforce)
D:/msys64/opt/devkitpro/libogc/lib/wii\libwiiuse.a(io.o)
                              D:/msys64/opt/devkitpro/libogc/lib/wii\libwiiuse.a(motion_plus.o) (wiiuse_disable_expansion)
D:/msys64/opt/devkitpro/libogc/lib/wii\libwiiuse.a(io_wii.o)
                              D:/msys64/opt/devkitpro/libogc/lib/wii\libwiiuse.a(wpad.o) (__wiiuse_sensorbar_enable)
D:/msys64/opt/devkitpro/libogc/lib/wii\libwiiuse.a(ir.o)
                              D:/msys64/opt/devkitpro/libogc/lib/wii\libwiiuse.a(motion_plus.o) (wiiuse_set_ir_mode)
D:/msys64/opt/devkitpro/libogc/lib/wii\libwiiuse.a(nunchuk.o)
                              D:/msys64/opt/devkitpro/libogc/lib/wii\libwiiuse.a(io.o) (nunchuk_handshake)
D:/msys64/opt/devkitpro/libogc/lib/wii\libwiiuse.a(wiiboard.o)
                              D:/msys64/opt/devkitpro/libogc/lib/wii\libwiiuse.a(io.o) (wii_board_handshake)
D:/msys64/opt/devkitpro/libogc/lib/wii\libwiiuse.a(wiiuse.o)
                              D:/msys64/opt/devkitpro/libogc/lib/wii\libwiiuse.a(wpad.o) (wiiuse_init)
D:/msys64/opt/devkitpro/libogc/lib/wii\libwiiuse.a(speaker.o)
                              D:/msys64/opt/devkitpro/libogc/lib/wii\libwiiuse.a(wpad.o) (wencdata)
D:/msys64/opt/devkitpro/libogc/lib/wii\libwiiuse.a(classic.o)
                              D:/msys64/opt/devkitpro/libogc/lib/wii\libwiiuse.a(io.o) (classic_ctrl_handshake)
D:/msys64/opt/devkitpro/libogc/lib/wii\libwiiuse.a(events.o)
                              D:/msys64/opt/devkitpro/libogc/lib/wii\libwiiuse.a(io_wii.o) (parse_event)
D:/msys64/opt/devkitpro/libogc/lib/wii\libwiiuse.a(guitar_hero_3.o)
                              D:/msys64/opt/devkitpro/libogc/lib/wii\libwiiuse.a(io.o) (guitar_hero_3_handshake)
D:/msys64/opt/devkitpro/libogc/lib/wii\libbte.a(bte.o)
                              D:/msys64/opt/devkitpro/libogc/lib/wii\libwiiuse.a(wpad.o) (BTE_Init)
D:/msys64/opt/devkitpro/libogc/lib/wii\libbte.a(hci.o)
                              D:/msys64/opt/devkitpro/libogc/lib/wii\libbte.a(bte.o) (hci_init)
D:/msys64/opt/devkitpro/libogc/lib/wii\libbte.a(l2cap.o)
                              D:/msys64/opt/devkitpro/libogc/lib/wii\libbte.a(bte.o) (l2cap_init)
D:/msys64/opt/devkitpro/libogc/lib/wii\libbte.a(btmemb.o)
                              D:/msys64/opt/devkitpro/libogc/lib/wii\libbte.a(bte.o) (btmemb_init)
D:/msys64/opt/devkitpro/libogc/lib/wii\libbte.a(btmemr.o)
                              D:/msys64/opt/devkitpro/libogc/lib/wii\libbte.a(hci.o) (btmemr_init)
D:/msys64/opt/devkitpro/libogc/lib/wii\libbte.a(btpbuf.o)
                              D:/msys64/opt/devkitpro/libogc/lib/wii\libbte.a(hci.o) (btpbuf_init)
D:/msys64/opt/devkitpro/libogc/lib/wii\libbte.a(physbusif.o)
                              D:/msys64/opt/devkitpro/libogc/lib/wii\libbte.a(bte.o) (physbusif_init)
D:/msys64/opt/devkitpro/libogc/lib/wii\libogc.a(console.o)
                              main.o (CON_Init)
D:/msys64/opt/devkitpro/libogc/lib/wii\libogc.a(lwp_queue.o)
                              D:/msys64/opt/devkitpro/libogc/lib/wii\libwiiuse.a(io_wii.o) (__lwp_queue_initialize)
D:/msys64/opt/devkitpro/libogc/lib/wii\libogc.a(lwp_threads.o)
                              D:/msys64/opt/devkitpro/libogc/lib/wii\libwiiuse.a(wpad.o) (_thread_dispatch_disable_level)
D:/msys64/opt/devkitpro/libogc/lib/wii\libogc.a(lwp.o)
                              D:/msys64/opt/devkitpro/libogc/lib/wii\libbte.a(bte.o) (LWP_InitQueue)
D:/msys64/opt/devkitpro/libogc/lib/wii\libogc.a(lwp_handler.o)
                              D:/msys64/opt/devkitpro/libogc/lib/wii\libogc.a(lwp_threads.o) (_cpu_context_save_fp)
D:/msys64/opt/devkitpro/libogc/lib/wii\libogc.a(lwp_stack.o)
                              D:/msys64/opt/devkitpro/libogc/lib/wii\libogc.a(lwp_threads.o) (__lwp_stack_allocate)
D:/msys64/opt/devkitpro/libogc/lib/wii\libogc.a(lwp_watchdog.o)
                              D:/msys64/opt/devkitpro/libogc/lib/wii\libogc.a(lwp_threads.o) (_wd_ticks_queue)
D:/msys64/opt/devkitpro/libogc/lib/wii\libogc.a(lwp_wkspace.o)
                              D:/msys64/opt/devkitpro/libogc/lib/wii\libwiiuse.a(motion_plus.o) (__wkspace_heap)
D:/msys64/opt/devkitpro/libogc/lib/wii\libogc.a(lwp_objmgr.o)
                              D:/msys64/opt/devkitpro/libogc/lib/wii\libogc.a(lwp.o) (__lwp_objmgr_initinfo)
D:/msys64/opt/devkitpro/libogc/lib/wii\libogc.a(lwp_heap.o)
[...]
Memory Configuration

Name             Origin             Length             Attributes
*default*        0x00000000         0xffffffff

Linker script and memory map

                0x00003400                        . = 0x3400

.stub
 *(.stub)
                0x80004000                        . = 0x80004000

.init           0x80004000      0x194
 *crt0.o(*.init)
 .init          0x80004000      0x170 D:/msys64/opt/devkitpro/libogc/lib/wii\libogc.a(ogc_crt0.o)
                0x80004000                _start
                0x80004140                _memset
 *(.init)
 .init          0x80004170        0xc D:/msys64/opt/devkitpro/devkitPPC/bin/../lib/gcc/powerpc-eabi/13.1.0/ecrti.o
                0x80004170                __init
 .init          0x8000417c        0x4 D:/msys64/opt/devkitpro/devkitPPC/bin/../lib/gcc/powerpc-eabi/13.1.0/crtbegin.o
 .init          0x80004180        0x4 D:/msys64/opt/devkitpro/devkitPPC/bin/../lib/gcc/powerpc-eabi/13.1.0/crtend.o
 .init          0x80004184       0x10 D:/msys64/opt/devkitpro/devkitPPC/bin/../lib/gcc/powerpc-eabi/13.1.0/ecrtn.o

.rela.dyn       0x80004194        0x0
 .rela.iplt     0x80004194        0x0 D:/msys64/opt/devkitpro/devkitPPC/bin/../lib/gcc/powerpc-eabi/13.1.0/crtbegin.o

.plt
 *(.plt)

.interp
 *(.interp)

.hash
 *(.hash)

.dynsym
 *(.dynsym)

.dynstr
 *(.dynstr)

.gnu.version
 *(.gnu.version)

.gnu.version_d
 *(.gnu.version_d)

.gnu.version_r
 *(.gnu.version_r)

.rel.init
 *(.rel.init)

.rela.init
 *(.rela.init)

.rel.text
 *(.rel.text .rel.text.* .rel.gnu.linkonce.t.*)

.rela.text      0x80004194        0x0
 *(.rela.text .rela.text.* .rela.gnu.linkonce.t.*)
 .rela.text.__gthread_active_p
                0x80004194        0x0 D:/msys64/opt/devkitpro/devkitPPC/bin/../lib/gcc/powerpc-eabi/13.1.0/crtbegin.o
 .rela.text.__gthread_once
                0x80004194        0x0 D:/msys64/opt/devkitpro/devkitPPC/bin/../lib/gcc/powerpc-eabi/13.1.0/crtbegin.o
 .rela.text.__gthread_key_create
                0x80004194        0x0 D:/msys64/opt/devkitpro/devkitPPC/bin/../lib/gcc/powerpc-eabi/13.1.0/crtbegin.o
 .rela.text.__gthread_key_delete
                0x80004194        0x0 D:/msys64/opt/devkitpro/devkitPPC/bin/../lib/gcc/powerpc-eabi/13.1.0/crtbegin.o
 .rela.text.__gthread_getspecific
                0x80004194        0x0 D:/msys64/opt/devkitpro/devkitPPC/bin/../lib/gcc/powerpc-eabi/13.1.0/crtbegin.o
 .rela.text.__gthread_setspecific
                0x80004194        0x0 D:/msys64/opt/devkitpro/devkitPPC/bin/../lib/gcc/powerpc-eabi/13.1.0/crtbegin.o
 .rela.text.__gthread_mutex_init_function
                0x80004194        0x0 D:/msys64/opt/devkitpro/devkitPPC/bin/../lib/gcc/powerpc-eabi/13.1.0/crtbegin.o
 .rela.text.__gthread_mutex_destroy
                0x80004194        0x0 D:/msys64/opt/devkitpro/devkitPPC/bin/../lib/gcc/powerpc-eabi/13.1.0/crtbegin.o
 .rela.text.__gthread_mutex_lock
                0x80004194        0x0 D:/msys64/opt/devkitpro/devkitPPC/bin/../lib/gcc/powerpc-eabi/13.1.0/crtbegin.o
 .rela.text.__gthread_mutex_unlock
                0x80004194        0x0 D:/msys64/opt/devkitpro/devkitPPC/bin/../lib/gcc/powerpc-eabi/13.1.0/crtbegin.o
 .rela.text.unlikely.abort
                0x80004194        0x0 D:/msys64/opt/devkitpro/devkitPPC/bin/../lib/gcc/powerpc-eabi/13.1.0/crtbegin.o
 .rela.text.__assert_func
                0x80004194        0x0 D:/msys64/opt/devkitpro/devkitPPC/bin/../lib/gcc/powerpc-eabi/13.1.0/crtbegin.o

.rel.fini
 *(.rel.fini)

.rela.fini
 *(.rela.fini)

.rel.rodata
 *(.rel.rodata .rel.rodata.* .rel.gnu.linkonce.r.*)

.rela.rodata
 *(.rela.rodata .rela.rodata.* .rela.gnu.linkonce.r.*)

.rel.data
 *(.rel.data .rel.data.* .rel.gnu.linkonce.d.*)

.rela.data
 *(.rela.data .rela.data.* .rela.gnu.linkonce.d.*)

.rel.tdata
 *(.rel.tdata .rel.tdata.* .rel.gnu.linkonce.td.*)

.rela.tdata
 *(.rela.tdata .rela.tdata.* .rela.gnu.linkonce.td.*)

.rel.tbss
 *(.rel.tbss .rel.tbss.* .rel.gnu.linkonce.tb.*)

.rela.tbss
 *(.rela.tbss .rela.tbss.* .rela.gnu.linkonce.tb.*)

.rel.ctors
 *(.rel.ctors)

.rela.ctors
 *(.rela.ctors)

.rel.dtors
 *(.rel.dtors)

.rela.dtors
 *(.rela.dtors)

.rel.got
 *(.rel.got)

.rela.got
 *(.rela.got)

.rela.got1
 *(.rela.got1)

.rela.got2
 *(.rela.got2)

.rel.sdata
 *(.rel.sdata .rel.sdata.* .rel.gnu.linkonce.s.*)

.rela.sdata
 *(.rela.sdata .rela.sdata.* .rela.gnu.linkonce.s.*)

.rel.sbss
 *(.rel.sbss .rel.sbss.* .rel.gnu.linkonce.sb.*)

.rela.sbss
 *(.rela.sbss .rela.sbss.* .rel.gnu.linkonce.sb.*)

.rel.sdata2
 *(.rel.sdata2 .rel.sdata2.* .rel.gnu.linkonce.s2.*)

.rela.sdata2
 *(.rela.sdata2 .rela.sdata2.* .rela.gnu.linkonce.s2.*)

.rel.sbss2
 *(.rel.sbss2 .rel.sbss2.* .rel.gnu.linkonce.sb2.*)

.rela.sbss2
 *(.rela.sbss2 .rela.sbss2.* .rela.gnu.linkonce.sb2.*)

.rel.bss
 *(.rel.bss .rel.bss.* .rel.gnu.linkonce.b.*)

.rela.bss
 *(.rela.bss .rela.bss.* .rela.gnu.linkonce.b.*)

.rel.plt
 *(.rel.plt)

.rela.plt
 *(.rela.plt)

.text           0x800041a0    0x414a0
 *(.text)
 .text          0x800041a0      0x44c D:/msys64/opt/devkitpro/libogc/lib/wii\libogc.a(lwp_handler.o)
                0x800041a0                _cpu_context_save_fp
                0x800042e0                _cpu_context_restore_fp
                0x80004420                _cpu_context_switch
                0x80004500                _cpu_context_save
                0x80004580                _cpu_context_restore
 .text          0x800045ec      0x4a0 D:/msys64/opt/devkitpro/libogc/lib/wii\libogc.a(system_asm.o)
                0x800045ec                __realmode
                0x80004604                __configBATS
                0x80004734                __InitFPRS
                0x80004860                __InitPS
                0x800048bc                __InitCache
                0x80004914                __InitSystem
                0x8000499c                __flush_cache
                0x800049d0                __reset
                0x80004a40                __InitBATS
                0x80004a5c                SYS_SwitchFiber
 .text          0x80004a8c      0x1ac D:/msys64/opt/devkitpro/libogc/lib/wii\libogc.a(irq_handler.o)
                0x80004a8c                irq_exceptionhandler
 .text          0x80004c38      0x118 D:/msys64/opt/devkitpro/libogc/lib/wii\libogc.a(video_asm.o)
                0x80004c38                __VIClearFramebuffer
 .text          0x80004d50      0x4f4 D:/msys64/opt/devkitpro/libogc/lib/wii\libogc.a(cache_asm.o)
                0x80004d50                DCFlashInvalidate
                0x80004d64                DCEnable
                0x80004d78                DCDisable
                0x80004d8c                DCFreeze
                0x80004da0                DCUnfreeze
                0x80004db4                DCTouchLoad
                0x80004dbc                DCBlockZero
                0x80004dc4                DCBlockStore
                0x80004dcc                DCBlockFlush
                0x80004dd4                DCBlockInvalidate
                0x80004ddc                DCInvalidateRange
                0x80004e0c                DCFlushRange
                0x80004e40                DCStoreRange
                0x80004e74                DCFlushRangeNoSync
                0x80004ea4                DCStoreRangeNoSync
                0x80004ed4                DCZeroRange
                0x80004f04                DCTouchRange
                0x80004f34                ICInvalidateRange
                0x80004f6c                ICFlashInvalidate
                0x80004f80                ICEnable
                0x80004f94                ICDisable
                0x80004fa8                ICFreeze
                0x80004fbc                ICUnfreeze
                0x80004fd0                ICBlockInvalidate
                0x80004fd8                ICSync
                0x80004fe0                L2Init
                0x80005028                L2Enable
                0x80005044                L2Disable
                0x8000505c                L2GlobalInvalidate
                0x800050b4                __LCEnable
                0x80005180                LCDisable
                0x800051a8                LCAllocOneTag
                0x800051bc                LCAllocTags
                0x800051fc                LCLoadBlocks
                0x80005220                LCStoreBlocks
 .text          0x80005244      0x1ac D:/msys64/opt/devkitpro/libogc/lib/wii\libogc.a(decrementer_handler.o)
                0x80005244                dec_exceptionhandler
 .text          0x800053f0      0x35c D:/msys64/opt/devkitpro/libogc/lib/wii\libogc.a(exception_handler.o)
                0x800053f0                exceptionhandler_start
                0x8000546c                exceptionhandler_patch
                0x800054a0                exceptionhandler_end
                0x800054a4                default_exceptionhandler
                0x800055d4                fpu_exceptionhandler
                0x8000571c                systemcallhandler_start
                0x80005748                systemcallhandler_end
 .text          0x8000574c       0x48 D:/msys64/opt/devkitpro/devkitPPC/bin/../lib/gcc/powerpc-eabi/13.1.0\libgcc.a(eabi.o)
                0x8000574c                __eabi
 .text          0x80005794       0x58 D:/msys64/opt/devkitpro/devkitPPC/bin/../lib/gcc/powerpc-eabi/13.1.0\libgcc.a(crtresxfpr.o)
                0x80005794                _restfpr_14_x
                0x80005798                _restfpr_15_x
                0x8000579c                _restfpr_16_x
                0x800057a0                _restfpr_17_x
                0x800057a4                _restfpr_18_x
                0x800057a8                _restfpr_19_x
                0x800057ac                _restfpr_20_x
                0x800057b0                _restfpr_21_x
                0x800057b4                _restfpr_22_x
                0x800057b8                _restfpr_23_x
                0x800057bc                _restfpr_24_x
                0x800057c0                _restfpr_25_x
                0x800057c4                _restfpr_26_x
                0x800057c8                _restfpr_27_x
                0x800057cc                _restfpr_28_x
                0x800057d0                _restfpr_29_x
                0x800057d4                _restfpr_30_x
                0x800057d8                _restfpr_31_x
 .text          0x800057ec       0x58 D:/msys64/opt/devkitpro/devkitPPC/bin/../lib/gcc/powerpc-eabi/13.1.0\libgcc.a(crtresxgpr.o)
                0x800057ec                _restgpr_14_x
                0x800057f0                _restgpr_15_x
                0x800057f4                _restgpr_16_x
                0x800057f8                _restgpr_17_x
                0x800057fc                _restgpr_18_x
                0x80005800                _restgpr_19_x
                0x80005804                _restgpr_20_x
                0x80005808                _restgpr_21_x
                0x8000580c                _restgpr_22_x
                0x80005810                _restgpr_23_x
                0x80005814                _restgpr_24_x
                0x80005818                _restgpr_25_x
                0x8000581c                _restgpr_26_x
                0x80005820                _restgpr_27_x
                0x80005824                _restgpr_28_x
                0x80005828                _restgpr_29_x
                0x8000582c                _restgpr_30_x
                0x80005830                _restgpr_31_x
 *(.text.*)
 .text.__do_global_dtors_aux
                0x80005844       0xcc D:/msys64/opt/devkitpro/devkitPPC/bin/../lib/gcc/powerpc-eabi/13.1.0/crtbegin.o
 .text.frame_dummy
                0x80005910       0x24 D:/msys64/opt/devkitpro/devkitPPC/bin/../lib/gcc/powerpc-eabi/13.1.0/crtbegin.o
 .text.__crtmain
                0x80005934       0x44 D:/msys64/opt/devkitpro/devkitPPC/bin/../lib/gcc/powerpc-eabi/13.1.0/../../../../powerpc-eabi/lib/crtmain.o
                0x80005938                __crtmain
 .text.startup.main
                0x80005978      0x568 main.o
                0x80005978                main
 .text.__wpad_assign_slot
                0x80005ee0      0x254 D:/msys64/opt/devkitpro/libogc/lib/wii\libwiiuse.a(wpad.o)
                0x80005ee0                __wpad_assign_slot
 .text.__wpad_def_powcb
                0x80006134        0x4 D:/msys64/opt/devkitpro/libogc/lib/wii\libwiiuse.a(wpad.o)
 .text.__readlinkkey_finished
                0x80006138       0x34 D:/msys64/opt/devkitpro/libogc/lib/wii\libwiiuse.a(wpad.o)
 .text.__wpad_patch_finished
                0x8000616c       0x2c D:/msys64/opt/devkitpro/libogc/lib/wii\libwiiuse.a(wpad.o)
 .text.__wpad_setfmt
                0x80006198      0x14c D:/msys64/opt/devkitpro/libogc/lib/wii\libwiiuse.a(wpad.o)
 .text.__wpad_eventCB
                0x800062e4      0xad4 D:/msys64/opt/devkitpro/libogc/lib/wii\libwiiuse.a(wpad.o)
 .text.__wpad_disconnectCB
                0x80006db8       0xd4 D:/msys64/opt/devkitpro/libogc/lib/wii\libwiiuse.a(wpad.o)
                0x80006db8                __wpad_disconnectCB
 .text.__wpad_timeouthandler
                0x80006e8c       0xa8 D:/msys64/opt/devkitpro/libogc/lib/wii\libwiiuse.a(wpad.o)
 .text.__initcore_finished
                0x80006f34       0x48 D:/msys64/opt/devkitpro/libogc/lib/wii\libwiiuse.a(wpad.o)
 .text.__wpad_init_finished
                0x80006f7c      0x194 D:/msys64/opt/devkitpro/libogc/lib/wii\libwiiuse.a(wpad.o)
 .text.WPAD_ReadEvent
                0x80007110      0x68c D:/msys64/opt/devkitpro/libogc/lib/wii\libwiiuse.a(wpad.o)
                0x80007110                WPAD_ReadEvent
 .text.WPAD_ReadPending
                0x8000779c      0x1a0 D:/msys64/opt/devkitpro/libogc/lib/wii\libwiiuse.a(wpad.o)
                0x8000779c                WPAD_ReadPending
 .text.WPAD_Shutdown
                0x8000793c      0x114 D:/msys64/opt/devkitpro/libogc/lib/wii\libwiiuse.a(wpad.o)
                0x8000793c                WPAD_Shutdown
 .text.WPAD_Init
                0x80007a50      0x2c4 D:/msys64/opt/devkitpro/libogc/lib/wii\libwiiuse.a(wpad.o)
                0x80007a50                WPAD_Init
 .text.__wpad_onreset
                0x80007d14       0x34 D:/msys64/opt/devkitpro/libogc/lib/wii\libwiiuse.a(wpad.o)
 .text.WPAD_ScanPads
                0x80007d48       0x90 D:/msys64/opt/devkitpro/libogc/lib/wii\libwiiuse.a(wpad.o)
                0x80007d48                WPAD_ScanPads
 .text.WPAD_ButtonsDown
                0x80007dd8       0x28 D:/msys64/opt/devkitpro/libogc/lib/wii\libwiiuse.a(wpad.o)
                0x80007dd8                WPAD_ButtonsDown
 .text.motion_plus_disconnected
                0x80007e00       0x10 D:/msys64/opt/devkitpro/libogc/lib/wii\libwiiuse.a(motion_plus.o)
                0x80007e00                motion_plus_disconnected
 .text.motion_plus_event
                0x80007e10       0x64 D:/msys64/opt/devkitpro/libogc/lib/wii\libwiiuse.a(motion_plus.o)
                0x80007e10                motion_plus_event
 .text.calculate_gforce
                0x80007e74      0x114 D:/msys64/opt/devkitpro/libogc/lib/wii\libwiiuse.a(dynamics.o)
                0x80007e74                calculate_gforce
 .text.calc_joystick_state
                0x80007f88      0x210 D:/msys64/opt/devkitpro/libogc/lib/wii\libwiiuse.a(dynamics.o)
                0x80007f88                calc_joystick_state
 .text.apply_smoothing
                0x80008198      0x140 D:/msys64/opt/devkitpro/libogc/lib/wii\libwiiuse.a(dynamics.o)
                0x80008198                apply_smoothing
 .text.calculate_orientation
                0x800082d8      0x340 D:/msys64/opt/devkitpro/libogc/lib/wii\libwiiuse.a(dynamics.o)
                0x800082d8                calculate_orientation
 .text.calc_balanceboard_state
                0x80008618      0x3a4 D:/msys64/opt/devkitpro/libogc/lib/wii\libwiiuse.a(dynamics.o)
                0x80008618                calc_balanceboard_state
 .text.wiiuse_handshake
                0x800089bc      0x27c D:/msys64/opt/devkitpro/libogc/lib/wii\libwiiuse.a(io.o)
                0x800089bc                wiiuse_handshake
 .text.wiiuse_handshake_expansion
                0x80008c38      0x1f0 D:/msys64/opt/devkitpro/libogc/lib/wii\libwiiuse.a(io.o)
                0x80008c38                wiiuse_handshake_expansion
 .text.wiiuse_handshake_expansion_start
                0x80008e28       0x5c D:/msys64/opt/devkitpro/libogc/lib/wii\libwiiuse.a(io.o)
                0x80008e28                wiiuse_handshake_expansion_start
 .text.wiiuse_disable_expansion
                0x80008e84      0x1b0 D:/msys64/opt/devkitpro/libogc/lib/wii\libwiiuse.a(io.o)
                0x80008e84                wiiuse_disable_expansion
 .text.__wiiuse_connected
                0x80009034       0x9c D:/msys64/opt/devkitpro/libogc/lib/wii\libwiiuse.a(io_wii.o)
 .text.__wiiuse_disconnected
                0x800090d0       0xb4 D:/msys64/opt/devkitpro/libogc/lib/wii\libwiiuse.a(io_wii.o)
 .text.__wiiuse_receive
                0x80009184       0xd0 D:/msys64/opt/devkitpro/libogc/lib/wii\libwiiuse.a(io_wii.o)
 .text.__wiiuse_sensorbar_enable
                0x80009254       0x54 D:/msys64/opt/devkitpro/libogc/lib/wii\libwiiuse.a(io_wii.o)
                0x80009254                __wiiuse_sensorbar_enable
 .text.wiiuse_register
                0x800092a8       0xf0 D:/msys64/opt/devkitpro/libogc/lib/wii\libwiiuse.a(io_wii.o)
                0x800092a8                wiiuse_register
 .text.wiiuse_disconnect
                0x80009398       0x24 D:/msys64/opt/devkitpro/libogc/lib/wii\libwiiuse.a(io_wii.o)
                0x80009398                wiiuse_disconnect
 .text.wiiuse_init_cmd_queue
                0x800093bc       0x9c D:/msys64/opt/devkitpro/libogc/lib/wii\libwiiuse.a(io_wii.o)
                0x800093bc                wiiuse_init_cmd_queue
 .text.wiiuse_io_write
                0x80009458       0x1c D:/msys64/opt/devkitpro/libogc/lib/wii\libwiiuse.a(io_wii.o)
                0x80009458                wiiuse_io_write
 .text.rotate_dots
                0x80009474      0x13c D:/msys64/opt/devkitpro/libogc/lib/wii\libwiiuse.a(ir.o)
 .text.get_ir_sens.constprop.0.isra.0
                0x800095b0       0xdc D:/msys64/opt/devkitpro/libogc/lib/wii\libwiiuse.a(ir.o)
 .text.wiiuse_set_ir_mode
                0x8000968c       0x5c D:/msys64/opt/devkitpro/libogc/lib/wii\libwiiuse.a(ir.o)
                0x8000968c                wiiuse_set_ir_mode
 .text.wiiuse_set_ir
                0x800096e8      0x204 D:/msys64/opt/devkitpro/libogc/lib/wii\libwiiuse.a(ir.o)
                0x800096e8                wiiuse_set_ir
 .text.wiiuse_set_ir_position
                0x800098ec       0x80 D:/msys64/opt/devkitpro/libogc/lib/wii\libwiiuse.a(ir.o)
                0x800098ec                wiiuse_set_ir_position
 .text.wiiuse_set_aspect_ratio
                0x8000996c       0xac D:/msys64/opt/devkitpro/libogc/lib/wii\libwiiuse.a(ir.o)
                0x8000996c                wiiuse_set_aspect_ratio
 .text.wiiuse_set_ir_sensitivity
                0x80009a18       0xe4 D:/msys64/opt/devkitpro/libogc/lib/wii\libwiiuse.a(ir.o)
                0x80009a18                wiiuse_set_ir_sensitivity
 .text.calculate_basic_ir
                0x80009afc       0xe8 D:/msys64/opt/devkitpro/libogc/lib/wii\libwiiuse.a(ir.o)
                0x80009afc                calculate_basic_ir
 .text.calculate_extended_ir
                0x80009be4       0x64 D:/msys64/opt/devkitpro/libogc/lib/wii\libwiiuse.a(ir.o)
                0x80009be4                calculate_extended_ir
 .text.find_sensorbar
                0x80009c48      0xa00 D:/msys64/opt/devkitpro/libogc/lib/wii\libwiiuse.a(ir.o)
                0x80009c48                find_sensorbar
 .text.apply_ir_smoothing
                0x8000a648      0x124 D:/msys64/opt/devkitpro/libogc/lib/wii\libwiiuse.a(ir.o)
                0x8000a648                apply_ir_smoothing
 .text.interpret_ir_data
                0x8000a76c      0x3c8 D:/msys64/opt/devkitpro/libogc/lib/wii\libwiiuse.a(ir.o)
                0x8000a76c                interpret_ir_data
 .text.nunchuk_handshake
                0x8000ab34      0x31c D:/msys64/opt/devkitpro/libogc/lib/wii\libwiiuse.a(nunchuk.o)
                0x8000ab34                nunchuk_handshake
 .text.nunchuk_disconnected
                0x8000ae50        0xc D:/msys64/opt/devkitpro/libogc/lib/wii\libwiiuse.a(nunchuk.o)
                0x8000ae50                nunchuk_disconnected
 .text.nunchuk_event
                0x8000ae5c       0xe8 D:/msys64/opt/devkitpro/libogc/lib/wii\libwiiuse.a(nunchuk.o)
                0x8000ae5c                nunchuk_event
 .text.wii_board_handshake
                0x8000af44      0x284 D:/msys64/opt/devkitpro/libogc/lib/wii\libwiiuse.a(wiiboard.o)
                0x8000af44                wii_board_handshake
 .text.wii_board_disconnected
                0x8000b1c8        0xc D:/msys64/opt/devkitpro/libogc/lib/wii\libwiiuse.a(wiiboard.o)
                0x8000b1c8                wii_board_disconnected
 .text.wii_board_event
                0x8000b1d4       0x24 D:/msys64/opt/devkitpro/libogc/lib/wii\libwiiuse.a(wiiboard.o)
                0x8000b1d4                wii_board_event
 .text.wiiuse_send_next_command
                0x8000b1f8       0x58 D:/msys64/opt/devkitpro/libogc/lib/wii\libwiiuse.a(wiiuse.o)
                0x8000b1f8                wiiuse_send_next_command
 .text.wiiuse_init
                0x8000b250      0x208 D:/msys64/opt/devkitpro/libogc/lib/wii\libwiiuse.a(wiiuse.o)
                0x8000b250                wiiuse_init
 .text.wiiuse_set_flags
                0x8000b458       0x28 D:/msys64/opt/devkitpro/libogc/lib/wii\libwiiuse.a(wiiuse.o)
                0x8000b458                wiiuse_set_flags
 .text.wiiuse_read_data
                0x8000b480      0x154 D:/msys64/opt/devkitpro/libogc/lib/wii\libwiiuse.a(wiiuse.o)
                0x8000b480                wiiuse_read_data
 .text.wiiuse_write_data
                0x8000b5d4      0x18c D:/msys64/opt/devkitpro/libogc/lib/wii\libwiiuse.a(wiiuse.o)
                0x8000b5d4                wiiuse_write_data
 .text.wiiuse_sendcmd
                0x8000b760      0x144 D:/msys64/opt/devkitpro/libogc/lib/wii\libwiiuse.a(wiiuse.o)
                0x8000b760                wiiuse_sendcmd
 .text.wiiuse_set_leds
                0x8000b8a4       0x50 D:/msys64/opt/devkitpro/libogc/lib/wii\libwiiuse.a(wiiuse.o)
                0x8000b8a4                wiiuse_set_leds
 .text.wiiuse_set_report_type
                0x8000b8f4       0xb0 D:/msys64/opt/devkitpro/libogc/lib/wii\libwiiuse.a(wiiuse.o)
                0x8000b8f4                wiiuse_set_report_type
 .text.wiiuse_status
                0x8000b9a4       0x4c D:/msys64/opt/devkitpro/libogc/lib/wii\libwiiuse.a(wiiuse.o)
                0x8000b9a4                wiiuse_status
 .text.wiiuse_motion_sensing
                0x8000b9f0       0x84 D:/msys64/opt/devkitpro/libogc/lib/wii\libwiiuse.a(wiiuse.o)
                0x8000b9f0                wiiuse_motion_sensing
 .text.wiiuse_set_speaker
                0x8000ba74      0x24c D:/msys64/opt/devkitpro/libogc/lib/wii\libwiiuse.a(speaker.o)
                0x8000ba74                wiiuse_set_speaker
 .text.classic_ctrl_handshake
                0x8000bcc0      0x410 D:/msys64/opt/devkitpro/libogc/lib/wii\libwiiuse.a(classic.o)
                0x8000bcc0                classic_ctrl_handshake
 .text.classic_ctrl_disconnected
                0x8000c0d0        0xc D:/msys64/opt/devkitpro/libogc/lib/wii\libwiiuse.a(classic.o)
                0x8000c0d0                classic_ctrl_disconnected
 .text.classic_ctrl_event
                0x8000c0dc      0x15c D:/msys64/opt/devkitpro/libogc/lib/wii\libwiiuse.a(classic.o)
                0x8000c0dc                classic_ctrl_event
 .text.handle_expansion
                0x8000c238       0x54 D:/msys64/opt/devkitpro/libogc/lib/wii\libwiiuse.a(events.o)
 .text.parse_event
                0x8000c28c      0x730 D:/msys64/opt/devkitpro/libogc/lib/wii\libwiiuse.a(events.o)
                0x8000c28c                parse_event
 .text.guitar_hero_3_handshake
                0x8000c9bc       0x5c D:/msys64/opt/devkitpro/libogc/lib/wii\libwiiuse.a(guitar_hero_3.o)
                0x8000c9bc                guitar_hero_3_handshake
 .text.guitar_hero_3_disconnected
                0x8000ca18        0xc D:/msys64/opt/devkitpro/libogc/lib/wii\libwiiuse.a(guitar_hero_3.o)
                0x8000ca18                guitar_hero_3_disconnected
 .text.guitar_hero_3_event
                0x8000ca24       0x60 D:/msys64/opt/devkitpro/libogc/lib/wii\libwiiuse.a(guitar_hero_3.o)
                0x8000ca24                guitar_hero_3_event
 .text.acl_wlp_completed
                0x8000ca84        0x8 D:/msys64/opt/devkitpro/libogc/lib/wii\libbte.a(bte.o)
                0x8000ca84                acl_wlp_completed
 .text.bt_alarmhandler
                0x8000ca8c       0x58 D:/msys64/opt/devkitpro/libogc/lib/wii\libbte.a(bte.o)
 .text.__bte_send_pending_request
                0x8000cae4      0x108 D:/msys64/opt/devkitpro/libogc/lib/wii\libbte.a(bte.o)
 .text.acl_conn_complete
                0x8000cbec       0x2c D:/msys64/opt/devkitpro/libogc/lib/wii\libbte.a(bte.o)
                0x8000cbec                acl_conn_complete
 .text.l2cap_accepted
                0x8000cc18      0x134 D:/msys64/opt/devkitpro/libogc/lib/wii\libbte.a(bte.o)
                0x8000cc18                l2cap_accepted
 .text.l2cap_disconnect_cfm
                0x8000cd4c      0x19c D:/msys64/opt/devkitpro/libogc/lib/wii\libbte.a(bte.o)
                0x8000cd4c                l2cap_disconnect_cfm
 .text.bte_process_input
                0x8000cee8      0x128 D:/msys64/opt/devkitpro/libogc/lib/wii\libbte.a(bte.o)
 .text.l2cap_disconnected_ind
                0x8000d010      0x1a4 D:/msys64/opt/devkitpro/libogc/lib/wii\libbte.a(bte.o)
                0x8000d010                l2cap_disconnected_ind
 .text.__bte_shutdown_finished
                0x8000d1b4       0xe0 D:/msys64/opt/devkitpro/libogc/lib/wii\libbte.a(bte.o)
 .text.bte_hci_apply_patch_complete
                0x8000d294      0x164 D:/msys64/opt/devkitpro/libogc/lib/wii\libbte.a(bte.o)
                0x8000d294                bte_hci_apply_patch_complete
 .text.bte_hci_patch_complete
                0x8000d3f8      0x380 D:/msys64/opt/devkitpro/libogc/lib/wii\libbte.a(bte.o)
                0x8000d3f8                bte_hci_patch_complete
 .text.bte_hci_initcore_complete
                0x8000d778      0x280 D:/msys64/opt/devkitpro/libogc/lib/wii\libbte.a(bte.o)
                0x8000d778                bte_hci_initcore_complete
 .text.bte_read_stored_link_key_complete
                0x8000d9f8      0x27c D:/msys64/opt/devkitpro/libogc/lib/wii\libbte.a(bte.o)
                0x8000d9f8                bte_read_stored_link_key_complete
 .text.bte_hci_initcore_complete2
                0x8000dc74      0x22c D:/msys64/opt/devkitpro/libogc/lib/wii\libbte.a(bte.o)
 .text.bte_hci_initsub_complete
                0x8000dea0      0x280 D:/msys64/opt/devkitpro/libogc/lib/wii\libbte.a(bte.o)
                0x8000dea0                bte_hci_initsub_complete
 .text.BTE_Init
                0x8000e120      0x138 D:/msys64/opt/devkitpro/libogc/lib/wii\libbte.a(bte.o)
                0x8000e120                BTE_Init
 .text.BTE_Shutdown
                0x8000e258      0x100 D:/msys64/opt/devkitpro/libogc/lib/wii\libbte.a(bte.o)
                0x8000e258                BTE_Shutdown
 .text.BTE_InitCore
                0x8000e358       0x8c D:/msys64/opt/devkitpro/libogc/lib/wii\libbte.a(bte.o)
                0x8000e358                BTE_InitCore
 .text.BTE_ApplyPatch
                0x8000e3e4       0xa4 D:/msys64/opt/devkitpro/libogc/lib/wii\libbte.a(bte.o)
                0x8000e3e4                BTE_ApplyPatch
 .text.BTE_InitSub
                0x8000e488       0x90 D:/msys64/opt/devkitpro/libogc/lib/wii\libbte.a(bte.o)
                0x8000e488                BTE_InitSub
 .text.BTE_ReadStoredLinkKey
                0x8000e518       0x90 D:/msys64/opt/devkitpro/libogc/lib/wii\libbte.a(bte.o)
                0x8000e518                BTE_ReadStoredLinkKey
 .text.BTE_SetDisconnectCallback
                0x8000e5a8        0x4 D:/msys64/opt/devkitpro/libogc/lib/wii\libbte.a(bte.o)
                0x8000e5a8                BTE_SetDisconnectCallback
 .text.bte_new  0x8000e5ac       0x54 D:/msys64/opt/devkitpro/libogc/lib/wii\libbte.a(bte.o)
                0x8000e5ac                bte_new
 .text.bte_registerdeviceasync
                0x8000e600      0x158 D:/msys64/opt/devkitpro/libogc/lib/wii\libbte.a(bte.o)
                0x8000e600                bte_registerdeviceasync
 .text.bte_disconnect
                0x8000e758       0xd8 D:/msys64/opt/devkitpro/libogc/lib/wii\libbte.a(bte.o)
                0x8000e758                bte_disconnect
 .text.bte_senddata
                0x8000e830      0x104 D:/msys64/opt/devkitpro/libogc/lib/wii\libbte.a(bte.o)
                0x8000e830                bte_senddata
 .text.bte_arg  0x8000e934       0x38 D:/msys64/opt/devkitpro/libogc/lib/wii\libbte.a(bte.o)
                0x8000e934                bte_arg
 .text.bte_received
                0x8000e96c       0x38 D:/msys64/opt/devkitpro/libogc/lib/wii\libbte.a(bte.o)
                0x8000e96c                bte_received
 .text.bte_disconnected
                0x8000e9a4       0x38 D:/msys64/opt/devkitpro/libogc/lib/wii\libbte.a(bte.o)
                0x8000e9a4                bte_disconnected
 .text.hci_get_link
                0x8000e9dc       0x84 D:/msys64/opt/devkitpro/libogc/lib/wii\libbte.a(hci.o)
 .text.hci_init
                0x8000ea60       0x80 D:/msys64/opt/devkitpro/libogc/lib/wii\libbte.a(hci.o)
                0x8000ea60                hci_init
 .text.hci_close
                0x8000eae0       0xd0 D:/msys64/opt/devkitpro/libogc/lib/wii\libbte.a(hci.o)
                0x8000eae0                hci_close
 .text.hci_reset_all
                0x8000ebb0       0xb8 D:/msys64/opt/devkitpro/libogc/lib/wii\libbte.a(hci.o)
                0x8000ebb0                hci_reset_all
 .text.hci_arg  0x8000ec68        0xc D:/msys64/opt/devkitpro/libogc/lib/wii\libbte.a(hci.o)
                0x8000ec68                hci_arg
 .text.hci_cmd_complete
                0x8000ec74        0xc D:/msys64/opt/devkitpro/libogc/lib/wii\libbte.a(hci.o)
                0x8000ec74                hci_cmd_complete
 .text.hci_connection_complete
                0x8000ec80        0xc D:/msys64/opt/devkitpro/libogc/lib/wii\libbte.a(hci.o)
                0x8000ec80                hci_connection_complete
 .text.hci_wlp_complete
                0x8000ec8c        0xc D:/msys64/opt/devkitpro/libogc/lib/wii\libbte.a(hci.o)
                0x8000ec8c                hci_wlp_complete
 .text.hci_reset
                0x8000ec98       0xac D:/msys64/opt/devkitpro/libogc/lib/wii\libbte.a(hci.o)
                0x8000ec98                hci_reset
 .text.hci_read_buffer_size
                0x8000ed44       0xac D:/msys64/opt/devkitpro/libogc/lib/wii\libbte.a(hci.o)
                0x8000ed44                hci_read_buffer_size
 .text.hci_read_bd_addr
                0x8000edf0       0xac D:/msys64/opt/devkitpro/libogc/lib/wii\libbte.a(hci.o)
                0x8000edf0                hci_read_bd_addr
 .text.hci_read_local_version
                0x8000ee9c       0xa8 D:/msys64/opt/devkitpro/libogc/lib/wii\libbte.a(hci.o)
                0x8000ee9c                hci_read_local_version
 .text.hci_read_local_features
                0x8000ef44       0xac D:/msys64/opt/devkitpro/libogc/lib/wii\libbte.a(hci.o)
                0x8000ef44                hci_read_local_features
 .text.hci_read_stored_link_key
                0x8000eff0      0x100 D:/msys64/opt/devkitpro/libogc/lib/wii\libbte.a(hci.o)
                0x8000eff0                hci_read_stored_link_key
 .text.hci_write_page_timeout
                0x8000f0f0       0xd0 D:/msys64/opt/devkitpro/libogc/lib/wii\libbte.a(hci.o)
                0x8000f0f0                hci_write_page_timeout
 .text.hci_write_scan_enable
                0x8000f1c0       0xbc D:/msys64/opt/devkitpro/libogc/lib/wii\libbte.a(hci.o)
                0x8000f1c0                hci_write_scan_enable
 .text.hci_accecpt_conn_request
                0x8000f27c       0xe0 D:/msys64/opt/devkitpro/libogc/lib/wii\libbte.a(hci.o)
                0x8000f27c                hci_accecpt_conn_request
 .text.hci_write_local_name
                0x8000f35c       0xd8 D:/msys64/opt/devkitpro/libogc/lib/wii\libbte.a(hci.o)
                0x8000f35c                hci_write_local_name
 .text.hci_write_pin_type
                0x8000f434       0xbc D:/msys64/opt/devkitpro/libogc/lib/wii\libbte.a(hci.o)
                0x8000f434                hci_write_pin_type
 .text.hci_write_inquiry_mode
                0x8000f4f0       0xbc D:/msys64/opt/devkitpro/libogc/lib/wii\libbte.a(hci.o)
                0x8000f4f0                hci_write_inquiry_mode
 .text.hci_write_page_scan_type
                0x8000f5ac       0xbc D:/msys64/opt/devkitpro/libogc/lib/wii\libbte.a(hci.o)
                0x8000f5ac                hci_write_page_scan_type
 .text.hci_write_inquiry_scan_type
                0x8000f668       0xbc D:/msys64/opt/devkitpro/libogc/lib/wii\libbte.a(hci.o)
                0x8000f668                hci_write_inquiry_scan_type
 .text.hci_vendor_specific_command
                0x8000f724       0xe8 D:/msys64/opt/devkitpro/libogc/lib/wii\libbte.a(hci.o)
                0x8000f724                hci_vendor_specific_command
 .text.hci_write_link_policy_settings
                0x8000f80c      0x104 D:/msys64/opt/devkitpro/libogc/lib/wii\libbte.a(hci.o)
                0x8000f80c                hci_write_link_policy_settings
 .text.hci_pin_code_request_neg_reply
                0x8000f910       0xcc D:/msys64/opt/devkitpro/libogc/lib/wii\libbte.a(hci.o)
                0x8000f910                hci_pin_code_request_neg_reply
 .text.hci_link_key_req_neg_reply
                0x8000f9dc       0xcc D:/msys64/opt/devkitpro/libogc/lib/wii\libbte.a(hci.o)
                0x8000f9dc                hci_link_key_req_neg_reply
 .text.hci_disconnect
                0x8000faa8       0xfc D:/msys64/opt/devkitpro/libogc/lib/wii\libbte.a(hci.o)
                0x8000faa8                hci_disconnect
 .text.hci_write_cod
                0x8000fba4       0xcc D:/msys64/opt/devkitpro/libogc/lib/wii\libbte.a(hci.o)
                0x8000fba4                hci_write_cod
 .text.hci_host_buffer_size
                0x8000fc70      0x10c D:/msys64/opt/devkitpro/libogc/lib/wii\libbte.a(hci.o)
                0x8000fc70                hci_host_buffer_size
 .text.hci_host_num_comp_packets
                0x8000fd7c      0x108 D:/msys64/opt/devkitpro/libogc/lib/wii\libbte.a(hci.o)
                0x8000fd7c                hci_host_num_comp_packets
 .text.lp_pdu_maxsize
                0x8000fe84        0xc D:/msys64/opt/devkitpro/libogc/lib/wii\libbte.a(hci.o)
                0x8000fe84                lp_pdu_maxsize
 .text.lp_acl_write
                0x8000fe90      0x158 D:/msys64/opt/devkitpro/libogc/lib/wii\libbte.a(hci.o)
                0x8000fe90                lp_acl_write
 .text.lp_write_flush_timeout
                0x8000ffe8      0x104 D:/msys64/opt/devkitpro/libogc/lib/wii\libbte.a(hci.o)
                0x8000ffe8                lp_write_flush_timeout
 .text.hci_event_handler
                0x800100ec      0xc7c D:/msys64/opt/devkitpro/libogc/lib/wii\libbte.a(hci.o)
                0x800100ec                hci_event_handler
 .text.hci_acldata_handler
                0x80010d68      0x11c D:/msys64/opt/devkitpro/libogc/lib/wii\libbte.a(hci.o)
                0x80010d68                hci_acldata_handler
 .text.l2cap_init
                0x80010e84       0x60 D:/msys64/opt/devkitpro/libogc/lib/wii\libbte.a(l2cap.o)
                0x80010e84                l2cap_init
 .text.l2cap_write
                0x80010ee4      0x1a0 D:/msys64/opt/devkitpro/libogc/lib/wii\libbte.a(l2cap.o)
                0x80010ee4                l2cap_write
 .text.l2cap_new
                0x80011084       0x60 D:/msys64/opt/devkitpro/libogc/lib/wii\libbte.a(l2cap.o)
                0x80011084                l2cap_new
 .text.l2cap_close
                0x800110e4      0x1d4 D:/msys64/opt/devkitpro/libogc/lib/wii\libbte.a(l2cap.o)
                0x800110e4                l2cap_close
 .text.l2cap_reset_all
                0x800112b8      0x154 D:/msys64/opt/devkitpro/libogc/lib/wii\libbte.a(l2cap.o)
                0x800112b8                l2cap_reset_all
 .text.l2cap_signal
                0x8001140c      0x204 D:/msys64/opt/devkitpro/libogc/lib/wii\libbte.a(l2cap.o)
                0x8001140c                l2cap_signal
 .text.l2ca_config_req
                0x80011610      0x158 D:/msys64/opt/devkitpro/libogc/lib/wii\libbte.a(l2cap.o)
                0x80011610                l2ca_config_req
 .text.l2ca_disconnect_req
                0x80011768       0xcc D:/msys64/opt/devkitpro/libogc/lib/wii\libbte.a(l2cap.o)
                0x80011768                l2ca_disconnect_req
 .text.l2cap_tmr
                0x80011834      0x260 D:/msys64/opt/devkitpro/libogc/lib/wii\libbte.a(l2cap.o)
                0x80011834                l2cap_tmr
 .text.l2cap_process_sig
                0x80011a94     0x1334 D:/msys64/opt/devkitpro/libogc/lib/wii\libbte.a(l2cap.o)
                0x80011a94                l2cap_process_sig
 .text.l2cap_input
                0x80012dc8      0x578 D:/msys64/opt/devkitpro/libogc/lib/wii\libbte.a(l2cap.o)
                0x80012dc8                l2cap_input
 .text.l2ca_datawrite
                0x80013340      0x128 D:/msys64/opt/devkitpro/libogc/lib/wii\libbte.a(l2cap.o)
                0x80013340                l2ca_datawrite
 .text.lp_connect_cfm
                0x80013468      0x184 D:/msys64/opt/devkitpro/libogc/lib/wii\libbte.a(l2cap.o)
                0x80013468                lp_connect_cfm
 .text.lp_connect_ind
                0x800135ec        0x4 D:/msys64/opt/devkitpro/libogc/lib/wii\libbte.a(l2cap.o)
                0x800135ec                lp_connect_ind
 .text.lp_disconnect_ind
                0x800135f0      0x124 D:/msys64/opt/devkitpro/libogc/lib/wii\libbte.a(l2cap.o)
                0x800135f0                lp_disconnect_ind
 .text.l2cap_disconnect_bb
                0x80013714       0x10 D:/msys64/opt/devkitpro/libogc/lib/wii\libbte.a(l2cap.o)
                0x80013714                l2cap_disconnect_bb
 .text.l2cap_arg
                0x80013724        0x8 D:/msys64/opt/devkitpro/libogc/lib/wii\libbte.a(l2cap.o)
                0x80013724                l2cap_arg
 .text.l2cap_connect_ind
                0x8001372c      0x104 D:/msys64/opt/devkitpro/libogc/lib/wii\libbte.a(l2cap.o)
                0x8001372c                l2cap_connect_ind
 .text.l2cap_disconnect_ind
                0x80013830        0x8 D:/msys64/opt/devkitpro/libogc/lib/wii\libbte.a(l2cap.o)
                0x80013830                l2cap_disconnect_ind
 .text.l2cap_recv
                0x80013838        0x8 D:/msys64/opt/devkitpro/libogc/lib/wii\libbte.a(l2cap.o)
                0x80013838                l2cap_recv
 .text.btmemb_init
                0x80013840       0x24 D:/msys64/opt/devkitpro/libogc/lib/wii\libbte.a(btmemb.o)
                0x80013840                btmemb_init
 .text.btmemb_alloc
                0x80013864       0x98 D:/msys64/opt/devkitpro/libogc/lib/wii\libbte.a(btmemb.o)
                0x80013864                btmemb_alloc
 .text.btmemb_free
                0x800138fc      0x114 D:/msys64/opt/devkitpro/libogc/lib/wii\libbte.a(btmemb.o)
                0x800138fc                btmemb_free
 .text.plug_holes
                0x80013a10       0xac D:/msys64/opt/devkitpro/libogc/lib/wii\libbte.a(btmemr.o)
 .text.btmemr_init
                0x80013abc       0xa4 D:/msys64/opt/devkitpro/libogc/lib/wii\libbte.a(btmemr.o)
                0x80013abc                btmemr_init
 .text.btmemr_malloc
                0x80013b60      0x17c D:/msys64/opt/devkitpro/libogc/lib/wii\libbte.a(btmemr.o)
                0x80013b60                btmemr_malloc
 .text.btmemr_free
                0x80013cdc       0x98 D:/msys64/opt/devkitpro/libogc/lib/wii\libbte.a(btmemr.o)
                0x80013cdc                btmemr_free
 .text.btmemr_realloc
                0x80013d74      0x108 D:/msys64/opt/devkitpro/libogc/lib/wii\libbte.a(btmemr.o)
                0x80013d74                btmemr_realloc
 .text.btpbuf_init
                0x80013e7c       0x28 D:/msys64/opt/devkitpro/libogc/lib/wii\libbte.a(btpbuf.o)
                0x80013e7c                btpbuf_init
 .text.btpbuf_free
                0x80013ea4      0x11c D:/msys64/opt/devkitpro/libogc/lib/wii\libbte.a(btpbuf.o)
                0x80013ea4                btpbuf_free
 .text.btpbuf_alloc
                0x80013fc0      0x250 D:/msys64/opt/devkitpro/libogc/lib/wii\libbte.a(btpbuf.o)
                0x80013fc0                btpbuf_alloc
 .text.btpbuf_realloc
                0x80014210      0x110 D:/msys64/opt/devkitpro/libogc/lib/wii\libbte.a(btpbuf.o)
                0x80014210                btpbuf_realloc
 .text.btpbuf_header
                0x80014320       0x84 D:/msys64/opt/devkitpro/libogc/lib/wii\libbte.a(btpbuf.o)
                0x80014320                btpbuf_header
 .text.btpbuf_ref
                0x800143a4       0x48 D:/msys64/opt/devkitpro/libogc/lib/wii\libbte.a(btpbuf.o)
                0x800143a4                btpbuf_ref
 .text.btpbuf_chain
                0x800143ec       0x9c D:/msys64/opt/devkitpro/libogc/lib/wii\libbte.a(btpbuf.o)
                0x800143ec                btpbuf_chain
 .text.btpbuf_dechain
                0x80014488       0x7c D:/msys64/opt/devkitpro/libogc/lib/wii\libbte.a(btpbuf.o)
                0x80014488                btpbuf_dechain
 .text.btpbuf_take
                0x80014504      0x13c D:/msys64/opt/devkitpro/libogc/lib/wii\libbte.a(btpbuf.o)
                0x80014504                btpbuf_take
 .text.__usb_closeCB
                0x80014640       0x10 D:/msys64/opt/devkitpro/libogc/lib/wii\libbte.a(physbusif.o)
 .text.__writebulkmsgCB
                0x80014650       0x3c D:/msys64/opt/devkitpro/libogc/lib/wii\libbte.a(physbusif.o)
 .text.__writectrlmsgCB
                0x8001468c       0x3c D:/msys64/opt/devkitpro/libogc/lib/wii\libbte.a(physbusif.o)
 .text.__issue_intrread.part.0
                0x800146c8       0x80 D:/msys64/opt/devkitpro/libogc/lib/wii\libbte.a(physbusif.o)
 .text.__readintrdataCB
                0x80014748      0x148 D:/msys64/opt/devkitpro/libogc/lib/wii\libbte.a(physbusif.o)
 .text.__issue_bulkread.part.0
                0x80014890       0x80 D:/msys64/opt/devkitpro/libogc/lib/wii\libbte.a(physbusif.o)
 .text.__readbulkdataCB
                0x80014910      0x148 D:/msys64/opt/devkitpro/libogc/lib/wii\libbte.a(physbusif.o)
 .text.physbusif_init
                0x80014a58      0x1ec D:/msys64/opt/devkitpro/libogc/lib/wii\libbte.a(physbusif.o)
                0x80014a58                physbusif_init
 .text.physbusif_close
                0x80014c44       0x20 D:/msys64/opt/devkitpro/libogc/lib/wii\libbte.a(physbusif.o)
                0x80014c44                physbusif_close
 .text.physbusif_shutdown
                0x80014c64       0x24 D:/msys64/opt/devkitpro/libogc/lib/wii\libbte.a(physbusif.o)
                0x80014c64                physbusif_shutdown
 .text.physbusif_reset_all
                0x80014c88        0x4 D:/msys64/opt/devkitpro/libogc/lib/wii\libbte.a(physbusif.o)
                0x80014c88                physbusif_reset_all
 .text.physbusif_output
                0x80014c8c      0x1c4 D:/msys64/opt/devkitpro/libogc/lib/wii\libbte.a(physbusif.o)
                0x80014c8c                physbusif_output
 .text.__console_clear_line
                0x80014e50       0xb4 D:/msys64/opt/devkitpro/libogc/lib/wii\libogc.a(console.o)
 .text.__console_clear
                0x80014f04       0xbc D:/msys64/opt/devkitpro/libogc/lib/wii\libogc.a(console.o)
 .text.__console_write
                0x80014fc0      0x82c D:/msys64/opt/devkitpro/libogc/lib/wii\libogc.a(console.o)
                0x80014fc0                __console_write
 .text.__console_init
                0x800157ec      0x120 D:/msys64/opt/devkitpro/libogc/lib/wii\libogc.a(console.o)
                0x800157ec                __console_init
 .text.CON_Init
                0x8001590c        0x4 D:/msys64/opt/devkitpro/libogc/lib/wii\libogc.a(console.o)
                0x8001590c                CON_Init
 .text.CON_EnableGecko
                0x80015910      0x100 D:/msys64/opt/devkitpro/libogc/lib/wii\libogc.a(console.o)
                0x80015910                CON_EnableGecko
 .text.__lwp_queue_initialize
                0x80015a10       0x98 D:/msys64/opt/devkitpro/libogc/lib/wii\libogc.a(lwp_queue.o)
                0x80015a10                __lwp_queue_initialize
 .text.__lwp_queue_get
                0x80015aa8       0x74 D:/msys64/opt/devkitpro/libogc/lib/wii\libogc.a(lwp_queue.o)
                0x80015aa8                __lwp_queue_get
 .text.__lwp_queue_append
                0x80015b1c       0x4c D:/msys64/opt/devkitpro/libogc/lib/wii\libogc.a(lwp_queue.o)
                0x80015b1c                __lwp_queue_append
 .text.__syscall_getreent
                0x80015b68       0x24 D:/msys64/opt/devkitpro/libogc/lib/wii\libogc.a(lwp_threads.o)
                0x80015b68                __syscall_getreent
 .text.__lwp_isr_in_progress
                0x80015b8c        0x8 D:/msys64/opt/devkitpro/libogc/lib/wii\libogc.a(lwp_threads.o)
                0x80015b8c                __lwp_isr_in_progress
 .text.__thread_dispatch_fp
                0x80015b94       0x88 D:/msys64/opt/devkitpro/libogc/lib/wii\libogc.a(lwp_threads.o)
                0x80015b94                __thread_dispatch_fp
 .text.__thread_dispatch
                0x80015c1c       0xf4 D:/msys64/opt/devkitpro/libogc/lib/wii\libogc.a(lwp_threads.o)
                0x80015c1c                __thread_dispatch
 .text.__lwp_thread_resettimeslice
                0x80015d10       0xb4 D:/msys64/opt/devkitpro/libogc/lib/wii\libogc.a(lwp_threads.o)
                0x80015d10                __lwp_thread_resettimeslice
 .text.__lwp_thread_tickle_timeslice
                0x80015dc4       0xc8 D:/msys64/opt/devkitpro/libogc/lib/wii\libogc.a(lwp_threads.o)
                0x80015dc4                __lwp_thread_tickle_timeslice
 .text.__lwp_thread_setstate
                0x80015e8c      0x16c D:/msys64/opt/devkitpro/libogc/lib/wii\libogc.a(lwp_threads.o)
                0x80015e8c                __lwp_thread_setstate
 .text.__lwp_thread_clearstate
                0x80015ff8       0xe4 D:/msys64/opt/devkitpro/libogc/lib/wii\libogc.a(lwp_threads.o)
                0x80015ff8                __lwp_thread_clearstate
 .text.__lwp_thread_delayended
                0x800160dc       0x48 D:/msys64/opt/devkitpro/libogc/lib/wii\libogc.a(lwp_threads.o)
                0x800160dc                __lwp_thread_delayended
 .text.__lwp_thread_settransient
                0x80016124       0xb4 D:/msys64/opt/devkitpro/libogc/lib/wii\libogc.a(lwp_threads.o)
                0x80016124                __lwp_thread_settransient
 .text.__lwp_thread_changepriority
                0x800161d8      0x1f8 D:/msys64/opt/devkitpro/libogc/lib/wii\libogc.a(lwp_threads.o)
                0x800161d8                __lwp_thread_changepriority
 .text.__lwp_thread_ready
                0x800163d0       0xf0 D:/msys64/opt/devkitpro/libogc/lib/wii\libogc.a(lwp_threads.o)
                0x800163d0                __lwp_thread_ready
 .text.__lwp_thread_init
                0x800164c0      0x160 D:/msys64/opt/devkitpro/libogc/lib/wii\libogc.a(lwp_threads.o)
                0x800164c0                __lwp_thread_init
 .text.__lwp_thread_close
                0x80016620      0x144 D:/msys64/opt/devkitpro/libogc/lib/wii\libogc.a(lwp_threads.o)
                0x80016620                __lwp_thread_close
 .text.__lwp_thread_handler
                0x80016764       0xc0 D:/msys64/opt/devkitpro/libogc/lib/wii\libogc.a(lwp_threads.o)
 .text.__lwp_thread_closeall
                0x80016824       0xb0 D:/msys64/opt/devkitpro/libogc/lib/wii\libogc.a(lwp_threads.o)
                0x80016824                __lwp_thread_closeall
 .text.__lwp_thread_start
                0x800168d4      0x150 D:/msys64/opt/devkitpro/libogc/lib/wii\libogc.a(lwp_threads.o)
                0x800168d4                __lwp_thread_start
 .text.__lwp_thread_startmultitasking
                0x80016a24       0xac D:/msys64/opt/devkitpro/libogc/lib/wii\libogc.a(lwp_threads.o)
                0x80016a24                __lwp_thread_startmultitasking
 .text.__lwp_thread_stopmultitasking
                0x80016ad0       0x58 D:/msys64/opt/devkitpro/libogc/lib/wii\libogc.a(lwp_threads.o)
                0x80016ad0                __lwp_thread_stopmultitasking
 .text.__lwp_thread_coreinit
                0x80016b28       0xc4 D:/msys64/opt/devkitpro/libogc/lib/wii\libogc.a(lwp_threads.o)
                0x80016b28                __lwp_thread_coreinit
 .text.idle_func
                0x80016bec        0x4 D:/msys64/opt/devkitpro/libogc/lib/wii\libogc.a(lwp.o)
 .text.__lwp_sysinit
                0x80016bf0      0x114 D:/msys64/opt/devkitpro/libogc/lib/wii\libogc.a(lwp.o)
                0x80016bf0                __lwp_sysinit
 .text.LWP_InitQueue
                0x80016d04      0x140 D:/msys64/opt/devkitpro/libogc/lib/wii\libogc.a(lwp.o)
                0x80016d04                LWP_InitQueue
 .text.LWP_CloseQueue
                0x80016e44       0xd4 D:/msys64/opt/devkitpro/libogc/lib/wii\libogc.a(lwp.o)
                0x80016e44                LWP_CloseQueue
 .text.LWP_ThreadSleep
                0x80016f18       0xf8 D:/msys64/opt/devkitpro/libogc/lib/wii\libogc.a(lwp.o)
                0x80016f18                LWP_ThreadSleep
 .text.LWP_ThreadBroadcast
                0x80017010       0x88 D:/msys64/opt/devkitpro/libogc/lib/wii\libogc.a(lwp.o)
                0x80017010                LWP_ThreadBroadcast
 .text.LWP_ThreadSignal
                0x80017098       0x74 D:/msys64/opt/devkitpro/libogc/lib/wii\libogc.a(lwp.o)
                0x80017098                LWP_ThreadSignal
 .text.__lwp_stack_allocate
                0x8001710c       0x60 D:/msys64/opt/devkitpro/libogc/lib/wii\libogc.a(lwp_stack.o)
                0x8001710c                __lwp_stack_allocate
 .text.__lwp_stack_free
                0x8001716c       0x1c D:/msys64/opt/devkitpro/libogc/lib/wii\libogc.a(lwp_stack.o)
                0x8001716c                __lwp_stack_free
 .text.__lwp_wd_settimer
                0x80017188       0xe0 D:/msys64/opt/devkitpro/libogc/lib/wii\libogc.a(lwp_watchdog.o)
 .text.__lwp_watchdog_init
                0x80017268       0x2c D:/msys64/opt/devkitpro/libogc/lib/wii\libogc.a(lwp_watchdog.o)
                0x80017268                __lwp_watchdog_init
 .text.__lwp_wd_insert
                0x80017294      0x194 D:/msys64/opt/devkitpro/libogc/lib/wii\libogc.a(lwp_watchdog.o)
                0x80017294                __lwp_wd_insert
 .text.__lwp_wd_remove
                0x80017428      0x138 D:/msys64/opt/devkitpro/libogc/lib/wii\libogc.a(lwp_watchdog.o)
                0x80017428                __lwp_wd_remove
 .text.__lwp_wd_tickle
                0x80017560      0x120 D:/msys64/opt/devkitpro/libogc/lib/wii\libogc.a(lwp_watchdog.o)
                0x80017560                __lwp_wd_tickle
 .text.__lwp_wkspace_init
                0x80017680       0xc0 D:/msys64/opt/devkitpro/libogc/lib/wii\libogc.a(lwp_wkspace.o)
                0x80017680                __lwp_wkspace_init
 .text.__lwp_objmgr_initinfo
                0x80017740      0x1a0 D:/msys64/opt/devkitpro/libogc/lib/wii\libogc.a(lwp_objmgr.o)
                0x80017740                __lwp_objmgr_initinfo
 .text.__lwp_objmgr_getisrdisable
                0x800178e0       0x60 D:/msys64/opt/devkitpro/libogc/lib/wii\libogc.a(lwp_objmgr.o)
                0x800178e0                __lwp_objmgr_getisrdisable
 .text.__lwp_objmgr_getnoprotection
                0x80017940       0x24 D:/msys64/opt/devkitpro/libogc/lib/wii\libogc.a(lwp_objmgr.o)
                0x80017940                __lwp_objmgr_getnoprotection
 .text.__lwp_objmgr_get
                0x80017964       0x6c D:/msys64/opt/devkitpro/libogc/lib/wii\libogc.a(lwp_objmgr.o)
                0x80017964                __lwp_objmgr_get
 .text.__lwp_objmgr_allocate
                0x800179d0       0x88 D:/msys64/opt/devkitpro/libogc/lib/wii\libogc.a(lwp_objmgr.o)
                0x800179d0                __lwp_objmgr_allocate
 .text.__lwp_objmgr_free
                0x80017a58       0x60 D:/msys64/opt/devkitpro/libogc/lib/wii\libogc.a(lwp_objmgr.o)
                0x80017a58                __lwp_objmgr_free
 .text.__lwp_heap_init
                0x80017ab8       0xa4 D:/msys64/opt/devkitpro/libogc/lib/wii\libogc.a(lwp_heap.o)
                0x80017ab8                __lwp_heap_init
 .text.__lwp_heap_allocate
                0x80017b5c      0x160 D:/msys64/opt/devkitpro/libogc/lib/wii\libogc.a(lwp_heap.o)
                0x80017b5c                __lwp_heap_allocate
 .text.__lwp_heap_free
                0x80017cbc      0x188 D:/msys64/opt/devkitpro/libogc/lib/wii\libogc.a(lwp_heap.o)
                0x80017cbc                __lwp_heap_free
 .text.__SetInterrupts
                0x80017e44      0x268 D:/msys64/opt/devkitpro/libogc/lib/wii\libogc.a(irq.o)
 .text.c_irqdispatcher
                0x800180ac      0x278 D:/msys64/opt/devkitpro/libogc/lib/wii\libogc.a(irq.o)
                0x800180ac                c_irqdispatcher
 .text.__UnmaskIrq
                0x80018324       0x84 D:/msys64/opt/devkitpro/libogc/lib/wii\libogc.a(irq.o)
                0x80018324                __UnmaskIrq
 .text.__MaskIrq
                0x800183a8       0x84 D:/msys64/opt/devkitpro/libogc/lib/wii\libogc.a(irq.o)
                0x800183a8                __MaskIrq
 .text.__irq_init
                0x8001842c       0x84 D:/msys64/opt/devkitpro/libogc/lib/wii\libogc.a(irq.o)
                0x8001842c                __irq_init
 .text.IRQ_Request
                0x800184b0       0x50 D:/msys64/opt/devkitpro/libogc/lib/wii\libogc.a(irq.o)
                0x800184b0                IRQ_Request
 .text.IRQ_GetHandler
                0x80018500       0x44 D:/msys64/opt/devkitpro/libogc/lib/wii\libogc.a(irq.o)
                0x80018500                IRQ_GetHandler
 .text.IRQ_Disable
                0x80018544       0x1c D:/msys64/opt/devkitpro/libogc/lib/wii\libogc.a(irq.o)
                0x80018544                IRQ_Disable
 .text.IRQ_Restore
                0x80018560       0x1c D:/msys64/opt/devkitpro/libogc/lib/wii\libogc.a(irq.o)
                0x80018560                IRQ_Restore
 .text.__VISendI2CData.constprop.0.isra.0
                0x8001857c      0x450 D:/msys64/opt/devkitpro/libogc/lib/wii\libogc.a(video.o)
 .text.__setFbbRegs.constprop.0
                0x800189cc      0x190 D:/msys64/opt/devkitpro/libogc/lib/wii\libogc.a(video.o)
 .text.__VISetYUVSEL
                0x80018b5c       0xb8 D:/msys64/opt/devkitpro/libogc/lib/wii\libogc.a(video.o)
 .text.VIDEO_Configure
                0x80018c14      0x5ec D:/msys64/opt/devkitpro/libogc/lib/wii\libogc.a(video.o)
                0x80018c14                VIDEO_Configure
 .text.VIDEO_WaitVSync
                0x80019200       0x74 D:/msys64/opt/devkitpro/libogc/lib/wii\libogc.a(video.o)
                0x80019200                VIDEO_WaitVSync
 .text.VIDEO_SetFramebuffer
                0x80019274      0x108 D:/msys64/opt/devkitpro/libogc/lib/wii\libogc.a(video.o)
                0x80019274                VIDEO_SetFramebuffer
 .text.VIDEO_SetNextFramebuffer
                0x8001937c       0x70 D:/msys64/opt/devkitpro/libogc/lib/wii\libogc.a(video.o)
                0x8001937c                VIDEO_SetNextFramebuffer
 .text.VIDEO_Flush
                0x800193ec       0xf4 D:/msys64/opt/devkitpro/libogc/lib/wii\libogc.a(video.o)
                0x800193ec                VIDEO_Flush
 .text.VIDEO_SetBlack
                0x800194e0      0x15c D:/msys64/opt/devkitpro/libogc/lib/wii\libogc.a(video.o)
                0x800194e0                VIDEO_SetBlack
 .text.VIDEO_GetCurrentTvMode
                0x8001963c       0x78 D:/msys64/opt/devkitpro/libogc/lib/wii\libogc.a(video.o)
                0x8001963c                VIDEO_GetCurrentTvMode
 .text.__VIRetraceHandler
                0x800196b4      0x298 D:/msys64/opt/devkitpro/libogc/lib/wii\libogc.a(video.o)
 .text.__VISetupEncoder
                0x8001994c      0x2cc D:/msys64/opt/devkitpro/libogc/lib/wii\libogc.a(video.o)
 .text.VIDEO_Init
                0x80019c18      0x4e4 D:/msys64/opt/devkitpro/libogc/lib/wii\libogc.a(video.o)
                0x80019c18                VIDEO_Init
 .text.VIDEO_GetPreferredMode
                0x8001a0fc      0x108 D:/msys64/opt/devkitpro/libogc/lib/wii\libogc.a(video.o)
                0x8001a0fc                VIDEO_GetPreferredMode
 .text.VIDEO_GetCurrentLine
                0x8001a204       0x9c D:/msys64/opt/devkitpro/libogc/lib/wii\libogc.a(video.o)
                0x8001a204                VIDEO_GetCurrentLine
 .text.VIDEO_GetFrameBufferSize
                0x8001a2a0       0x34 D:/msys64/opt/devkitpro/libogc/lib/wii\libogc.a(video.o)
                0x8001a2a0                VIDEO_GetFrameBufferSize
 .text.VIDEO_ClearFrameBuffer
                0x8001a2d4       0x3c D:/msys64/opt/devkitpro/libogc/lib/wii\libogc.a(video.o)
                0x8001a2d4                VIDEO_ClearFrameBuffer
 .text.__call_resetfuncs
                0x8001a310       0xbc D:/msys64/opt/devkitpro/libogc/lib/wii\libogc.a(system.o)
 .text.__MEMInterruptHandler
                0x8001a3cc       0x14 D:/msys64/opt/devkitpro/libogc/lib/wii\libogc.a(system.o)
 .text.__RSWDefaultHandler
                0x8001a3e0        0x4 D:/msys64/opt/devkitpro/libogc/lib/wii\libogc.a(system.o)
 .text.__POWDefaultHandler
                0x8001a3e4        0x4 D:/msys64/opt/devkitpro/libogc/lib/wii\libogc.a(system.o)
 .text.__STMEventHandler
                0x8001a3e8      0x104 D:/msys64/opt/devkitpro/libogc/lib/wii\libogc.a(system.o)
 .text.__getrtc
                0x8001a4ec      0x13c D:/msys64/opt/devkitpro/libogc/lib/wii\libogc.a(system.o)
 .text.__sram_write
                0x8001a628      0x130 D:/msys64/opt/devkitpro/libogc/lib/wii\libogc.a(system.o)
 .text.__sram_writecallback
                0x8001a758       0x54 D:/msys64/opt/devkitpro/libogc/lib/wii\libogc.a(system.o)
 .text.__mem_onreset
                0x8001a7ac       0x48 D:/msys64/opt/devkitpro/libogc/lib/wii\libogc.a(system.o)
 .text.__unlocksram
                0x8001a7f4      0x174 D:/msys64/opt/devkitpro/libogc/lib/wii\libogc.a(system.o)
 .text.__sys_alarmhandler
                0x8001a968      0x154 D:/msys64/opt/devkitpro/libogc/lib/wii\libogc.a(system.o)
 .text.__syscall_malloc_lock
                0x8001aabc        0x4 D:/msys64/opt/devkitpro/libogc/lib/wii\libogc.a(system.o)
                0x8001aabc                __syscall_malloc_lock
 .text.__syscall_malloc_unlock
                0x8001aac0        0x4 D:/msys64/opt/devkitpro/libogc/lib/wii\libogc.a(system.o)
                0x8001aac0                __syscall_malloc_unlock
 .text.__syscall_nanosleep
                0x8001aac4        0x4 D:/msys64/opt/devkitpro/libogc/lib/wii\libogc.a(system.o)
                0x8001aac4                __syscall_nanosleep
 .text.__SYS_GetRTC
                0x8001aac8       0xa0 D:/msys64/opt/devkitpro/libogc/lib/wii\libogc.a(system.o)
                0x8001aac8                __SYS_GetRTC
 .text.__SYS_SetBootTime
                0x8001ab68      0x108 D:/msys64/opt/devkitpro/libogc/lib/wii\libogc.a(system.o)
                0x8001ab68                __SYS_SetBootTime
 .text.__SYS_GetIPCBufferLo
                0x8001ac70        0x8 D:/msys64/opt/devkitpro/libogc/lib/wii\libogc.a(system.o)
                0x8001ac70                __SYS_GetIPCBufferLo
 .text.__SYS_GetIPCBufferHi
                0x8001ac78        0x8 D:/msys64/opt/devkitpro/libogc/lib/wii\libogc.a(system.o)
                0x8001ac78                __SYS_GetIPCBufferHi
 .text.__SYS_DoPowerCB
                0x8001ac80       0x74 D:/msys64/opt/devkitpro/libogc/lib/wii\libogc.a(system.o)
                0x8001ac80                __SYS_DoPowerCB
 .text.__SYS_PreInit
                0x8001acf4        0x4 D:/msys64/opt/devkitpro/libogc/lib/wii\libogc.a(system.o)
                0x8001acf4                __SYS_PreInit
 .text.SYS_PreMain
                0x8001acf8       0x7c D:/msys64/opt/devkitpro/libogc/lib/wii\libogc.a(system.o)
                0x8001acf8                SYS_PreMain
 .text.SYS_ResetButtonDown
                0x8001ad74       0x18 D:/msys64/opt/devkitpro/libogc/lib/wii\libogc.a(system.o)
                0x8001ad74                SYS_ResetButtonDown
 .text.SYS_ResetSystem
                0x8001ad8c      0x210 D:/msys64/opt/devkitpro/libogc/lib/wii\libogc.a(system.o)
                0x8001ad8c                SYS_ResetSystem
 .text.__reload
                0x8001af9c       0x80 D:/msys64/opt/devkitpro/libogc/lib/wii\libogc.a(system.o)
                0x8001af9c                __reload
 .text.__syscall_exit
                0x8001b01c       0x88 D:/msys64/opt/devkitpro/libogc/lib/wii\libogc.a(system.o)
                0x8001b01c                __syscall_exit
 .text.SYS_RegisterResetFunc
                0x8001b0a4       0x78 D:/msys64/opt/devkitpro/libogc/lib/wii\libogc.a(system.o)
                0x8001b0a4                SYS_RegisterResetFunc
 .text.SYS_SetArena1Lo
                0x8001b11c       0x38 D:/msys64/opt/devkitpro/libogc/lib/wii\libogc.a(system.o)
                0x8001b11c                SYS_SetArena1Lo
 .text.SYS_GetArena1Lo
                0x8001b154       0x38 D:/msys64/opt/devkitpro/libogc/lib/wii\libogc.a(system.o)
                0x8001b154                SYS_GetArena1Lo
 .text.SYS_GetArena1Hi
                0x8001b18c       0x38 D:/msys64/opt/devkitpro/libogc/lib/wii\libogc.a(system.o)
                0x8001b18c                SYS_GetArena1Hi
 .text.SYS_SetArena2Lo
                0x8001b1c4       0x38 D:/msys64/opt/devkitpro/libogc/lib/wii\libogc.a(system.o)
                0x8001b1c4                SYS_SetArena2Lo
 .text.SYS_GetArena2Lo
                0x8001b1fc       0x38 D:/msys64/opt/devkitpro/libogc/lib/wii\libogc.a(system.o)
                0x8001b1fc                SYS_GetArena2Lo
 .text.SYS_SetArena2Hi
                0x8001b234       0x38 D:/msys64/opt/devkitpro/libogc/lib/wii\libogc.a(system.o)
                0x8001b234                SYS_SetArena2Hi
 .text.SYS_GetArena2Hi
                0x8001b26c       0x38 D:/msys64/opt/devkitpro/libogc/lib/wii\libogc.a(system.o)
                0x8001b26c                SYS_GetArena2Hi
 .text.SYS_AllocateFramebuffer
                0x8001b2a4       0x28 D:/msys64/opt/devkitpro/libogc/lib/wii\libogc.a(system.o)
                0x8001b2a4                SYS_AllocateFramebuffer
 .text.SYS_CreateAlarm
                0x8001b2cc       0xf0 D:/msys64/opt/devkitpro/libogc/lib/wii\libogc.a(system.o)
                0x8001b2cc                SYS_CreateAlarm
 .text.SYS_SetAlarm
                0x8001b3bc      0x1e0 D:/msys64/opt/devkitpro/libogc/lib/wii\libogc.a(system.o)
                0x8001b3bc                SYS_SetAlarm
 .text.SYS_SetPeriodicAlarm
                0x8001b59c      0x270 D:/msys64/opt/devkitpro/libogc/lib/wii\libogc.a(system.o)
                0x8001b59c                SYS_SetPeriodicAlarm
 .text.SYS_RemoveAlarm
                0x8001b80c      0x10c D:/msys64/opt/devkitpro/libogc/lib/wii\libogc.a(system.o)
                0x8001b80c                SYS_RemoveAlarm
 .text.SYS_CancelAlarm
                0x8001b918       0xbc D:/msys64/opt/devkitpro/libogc/lib/wii\libogc.a(system.o)
                0x8001b918                SYS_CancelAlarm
 .text.SYS_GetWirelessID
                0x8001b9d4       0x94 D:/msys64/opt/devkitpro/libogc/lib/wii\libogc.a(system.o)
                0x8001b9d4                SYS_GetWirelessID
 .text.SYS_SetWirelessID
                0x8001ba68       0x90 D:/msys64/opt/devkitpro/libogc/lib/wii\libogc.a(system.o)
                0x8001ba68                SYS_SetWirelessID
 .text.SYS_SetGBSMode
                0x8001baf8       0xa8 D:/msys64/opt/devkitpro/libogc/lib/wii\libogc.a(system.o)
                0x8001baf8                SYS_SetGBSMode
 .text.__sram_init
                0x8001bba0      0x1b8 D:/msys64/opt/devkitpro/libogc/lib/wii\libogc.a(system.o)
                0x8001bba0                __sram_init
 .text.SYS_Init
                0x8001bd58      0x5e8 D:/msys64/opt/devkitpro/libogc/lib/wii\libogc.a(system.o)
                0x8001bd58                SYS_Init
 .text.SYS_GetHollywoodRevision
                0x8001c340       0x3c D:/msys64/opt/devkitpro/libogc/lib/wii\libogc.a(system.o)
                0x8001c340                SYS_GetHollywoodRevision
 .text.SYS_Time
                0x8001c37c       0x78 D:/msys64/opt/devkitpro/libogc/lib/wii\libogc.a(system.o)
                0x8001c37c                SYS_Time
 .text.__lwp_cond_init
                0x8001c3f4       0x14 D:/msys64/opt/devkitpro/libogc/lib/wii\libogc.a(cond.o)
                0x8001c3f4                __lwp_cond_init
 .text.__decrementer_init
                0x8001c408        0x4 D:/msys64/opt/devkitpro/libogc/lib/wii\libogc.a(decrementer.o)
                0x8001c408                __decrementer_init
 .text.c_decrementer_handler
                0x8001c40c        0xc D:/msys64/opt/devkitpro/libogc/lib/wii\libogc.a(decrementer.o)
                0x8001c40c                c_decrementer_handler
 .text.__lwp_mqbox_init
                0x8001c418       0x14 D:/msys64/opt/devkitpro/libogc/lib/wii\libogc.a(message.o)
                0x8001c418                __lwp_mqbox_init
 .text.__si_transfer
                0x8001c42c      0x1a4 D:/msys64/opt/devkitpro/libogc/lib/wii\libogc.a(si.o)
 .text.__si_alarmhandler
                0x8001c5d0       0xdc D:/msys64/opt/devkitpro/libogc/lib/wii\libogc.a(si.o)
 .text.__si_completetransfer
                0x8001c6ac      0x1fc D:/msys64/opt/devkitpro/libogc/lib/wii\libogc.a(si.o)
 .text.__si_transfernext
                0x8001c8a8       0xe0 D:/msys64/opt/devkitpro/libogc/lib/wii\libogc.a(si.o)
 .text.SI_Busy  0x8001c988       0x18 D:/msys64/opt/devkitpro/libogc/lib/wii\libogc.a(si.o)
                0x8001c988                SI_Busy
 .text.SI_IsChanBusy
                0x8001c9a0       0x38 D:/msys64/opt/devkitpro/libogc/lib/wii\libogc.a(si.o)
                0x8001c9a0                SI_IsChanBusy
 .text.SI_SetXY
                0x8001c9d8       0x64 D:/msys64/opt/devkitpro/libogc/lib/wii\libogc.a(si.o)
                0x8001c9d8                SI_SetXY
 .text.SI_EnablePolling
                0x8001ca3c       0x80 D:/msys64/opt/devkitpro/libogc/lib/wii\libogc.a(si.o)
                0x8001ca3c                SI_EnablePolling
 .text.SI_DisablePolling
                0x8001cabc       0x58 D:/msys64/opt/devkitpro/libogc/lib/wii\libogc.a(si.o)
                0x8001cabc                SI_DisablePolling
 .text.SI_SetSamplingRate
                0x8001cb14       0xd8 D:/msys64/opt/devkitpro/libogc/lib/wii\libogc.a(si.o)
                0x8001cb14                SI_SetSamplingRate
 .text.SI_RefreshSamplingRate
                0x8001cbec        0x8 D:/msys64/opt/devkitpro/libogc/lib/wii\libogc.a(si.o)
                0x8001cbec                SI_RefreshSamplingRate
 .text.SI_GetStatus
                0x8001cbf4       0x78 D:/msys64/opt/devkitpro/libogc/lib/wii\libogc.a(si.o)
                0x8001cbf4                SI_GetStatus
 .text.SI_GetResponseRaw
                0x8001cc6c       0xe8 D:/msys64/opt/devkitpro/libogc/lib/wii\libogc.a(si.o)
                0x8001cc6c                SI_GetResponseRaw
 .text.SI_GetResponse
                0x8001cd54       0xb8 D:/msys64/opt/devkitpro/libogc/lib/wii\libogc.a(si.o)
                0x8001cd54                SI_GetResponse
 .text.SI_SetCommand
                0x8001ce0c       0x10 D:/msys64/opt/devkitpro/libogc/lib/wii\libogc.a(si.o)
                0x8001ce0c                SI_SetCommand
 .text.SI_Transfer
                0x8001ce1c      0x26c D:/msys64/opt/devkitpro/libogc/lib/wii\libogc.a(si.o)
                0x8001ce1c                SI_Transfer
 .text.__si_gettypecallback
                0x8001d088      0x2c0 D:/msys64/opt/devkitpro/libogc/lib/wii\libogc.a(si.o)
 .text.__si_interrupthandler
                0x8001d348      0x268 D:/msys64/opt/devkitpro/libogc/lib/wii\libogc.a(si.o)
 .text.SI_GetType
                0x8001d5b0      0x1f4 D:/msys64/opt/devkitpro/libogc/lib/wii\libogc.a(si.o)
                0x8001d5b0                SI_GetType
 .text.SI_GetTypeAsync
                0x8001d7a4      0x138 D:/msys64/opt/devkitpro/libogc/lib/wii\libogc.a(si.o)
                0x8001d7a4                SI_GetTypeAsync
 .text.SI_EnablePollingInterrupt
                0x8001d8dc       0x8c D:/msys64/opt/devkitpro/libogc/lib/wii\libogc.a(si.o)
                0x8001d8dc                SI_EnablePollingInterrupt
 .text.SI_UnregisterPollingHandler
                0x8001d968       0xe0 D:/msys64/opt/devkitpro/libogc/lib/wii\libogc.a(si.o)
                0x8001d968                SI_UnregisterPollingHandler
 .text.__si_init
                0x8001da48       0xe8 D:/msys64/opt/devkitpro/libogc/lib/wii\libogc.a(si.o)
                0x8001da48                __si_init
 .text.__ipc_sendrequest
                0x8001db30      0x104 D:/msys64/opt/devkitpro/libogc/lib/wii\libogc.a(ipc.o)
 .text.__ipc_syncrequest
                0x8001dc34       0xe4 D:/msys64/opt/devkitpro/libogc/lib/wii\libogc.a(ipc.o)
 .text.__ioctlvfmtCB
                0x8001dd18      0x158 D:/msys64/opt/devkitpro/libogc/lib/wii\libogc.a(ipc.o)
 .text.__ios_ioctlvformat_parse
                0x8001de70      0x820 D:/msys64/opt/devkitpro/libogc/lib/wii\libogc.a(ipc.o)
 .text.__ipc_asyncrequest
                0x8001e690      0x13c D:/msys64/opt/devkitpro/libogc/lib/wii\libogc.a(ipc.o)
 .text.__ipc_interrupthandler
                0x8001e7cc      0x34c D:/msys64/opt/devkitpro/libogc/lib/wii\libogc.a(ipc.o)
 .text.iosCreateHeap
                0x8001eb18      0x130 D:/msys64/opt/devkitpro/libogc/lib/wii\libogc.a(ipc.o)
                0x8001eb18                iosCreateHeap
 .text.iosAlloc
                0x8001ec48       0x30 D:/msys64/opt/devkitpro/libogc/lib/wii\libogc.a(ipc.o)
                0x8001ec48                iosAlloc
 .text.iosFree  0x8001ec78       0x28 D:/msys64/opt/devkitpro/libogc/lib/wii\libogc.a(ipc.o)
                0x8001ec78                iosFree
 .text.__IPC_ClntInit
                0x8001eca0       0xc8 D:/msys64/opt/devkitpro/libogc/lib/wii\libogc.a(ipc.o)
                0x8001eca0                __IPC_ClntInit
 .text.IOS_Open
                0x8001ed68      0x110 D:/msys64/opt/devkitpro/libogc/lib/wii\libogc.a(ipc.o)
                0x8001ed68                IOS_Open
 .text.IOS_Close
                0x8001ee78       0xf0 D:/msys64/opt/devkitpro/libogc/lib/wii\libogc.a(ipc.o)
                0x8001ee78                IOS_Close
 .text.IOS_CloseAsync
                0x8001ef68       0xb4 D:/msys64/opt/devkitpro/libogc/lib/wii\libogc.a(ipc.o)
                0x8001ef68                IOS_CloseAsync
 .text.IOS_Read
                0x8001f01c      0x10c D:/msys64/opt/devkitpro/libogc/lib/wii\libogc.a(ipc.o)
                0x8001f01c                IOS_Read
 .text.IOS_Write
                0x8001f128      0x10c D:/msys64/opt/devkitpro/libogc/lib/wii\libogc.a(ipc.o)
                0x8001f128                IOS_Write
 .text.IOS_Seek
                0x8001f234       0xf8 D:/msys64/opt/devkitpro/libogc/lib/wii\libogc.a(ipc.o)
                0x8001f234                IOS_Seek
 .text.IOS_Ioctl
                0x8001f32c      0x158 D:/msys64/opt/devkitpro/libogc/lib/wii\libogc.a(ipc.o)
                0x8001f32c                IOS_Ioctl
 .text.IOS_IoctlAsync
                0x8001f484      0x148 D:/msys64/opt/devkitpro/libogc/lib/wii\libogc.a(ipc.o)
                0x8001f484                IOS_IoctlAsync
 .text.IOS_Ioctlv
                0x8001f5cc      0x1f0 D:/msys64/opt/devkitpro/libogc/lib/wii\libogc.a(ipc.o)
                0x8001f5cc                IOS_Ioctlv
 .text.IOS_IoctlvAsync
                0x8001f7bc      0x1d4 D:/msys64/opt/devkitpro/libogc/lib/wii\libogc.a(ipc.o)
                0x8001f7bc                IOS_IoctlvAsync
 .text.IOS_IoctlvFormat
                0x8001f990      0x16c D:/msys64/opt/devkitpro/libogc/lib/wii\libogc.a(ipc.o)
                0x8001f990                IOS_IoctlvFormat
 .text.IOS_IoctlvReboot
                0x8001fafc      0x1f4 D:/msys64/opt/devkitpro/libogc/lib/wii\libogc.a(ipc.o)
                0x8001fafc                IOS_IoctlvReboot
 .text.gettick  0x8001fcf0        0x8 D:/msys64/opt/devkitpro/libogc/lib/wii\libogc.a(timesupp.o)
                0x8001fcf0                gettick
 .text.gettime  0x8001fcf8       0x18 D:/msys64/opt/devkitpro/libogc/lib/wii\libogc.a(timesupp.o)
                0x8001fcf8                gettime
 .text.settime  0x8001fd10       0x14 D:/msys64/opt/devkitpro/libogc/lib/wii\libogc.a(timesupp.o)
                0x8001fd10                settime
 .text.diff_usec
                0x8001fd24       0x88 D:/msys64/opt/devkitpro/libogc/lib/wii\libogc.a(timesupp.o)
                0x8001fd24                diff_usec
 .text.__timesystem_init
                0x8001fdac       0x1c D:/msys64/opt/devkitpro/libogc/lib/wii\libogc.a(timesupp.o)
                0x8001fdac                __timesystem_init
 .text.udelay   0x8001fdc8       0xac D:/msys64/opt/devkitpro/libogc/lib/wii\libogc.a(timesupp.o)
                0x8001fdc8                udelay
 .text.__libogc_nanosleep
                0x8001fe74      0x144 D:/msys64/opt/devkitpro/libogc/lib/wii\libogc.a(timesupp.o)
                0x8001fe74                __libogc_nanosleep
 .text.__syscall_lock_init
                0x8001ffb8       0x6c D:/msys64/opt/devkitpro/libogc/lib/wii\libogc.a(lock_supp.o)
                0x8001ffb8                __syscall_lock_init
 .text.__syscall_lock_init_recursive
                0x80020024       0x6c D:/msys64/opt/devkitpro/libogc/lib/wii\libogc.a(lock_supp.o)
                0x80020024                __syscall_lock_init_recursive
 .text.__syscall_lock_close
                0x80020090       0x68 D:/msys64/opt/devkitpro/libogc/lib/wii\libogc.a(lock_supp.o)
                0x80020090                __syscall_lock_close
 .text.__syscall_lock_acquire
                0x800200f8       0x18 D:/msys64/opt/devkitpro/libogc/lib/wii\libogc.a(lock_supp.o)
                0x800200f8                __syscall_lock_acquire
 .text.__syscall_lock_release
                0x80020110       0x18 D:/msys64/opt/devkitpro/libogc/lib/wii\libogc.a(lock_supp.o)
                0x80020110                __syscall_lock_release
 .text.__usbgecko_exi_unlock
                0x80020128       0x34 D:/msys64/opt/devkitpro/libogc/lib/wii\libogc.a(usbgecko.o)
 .text.usb_isgeckoalive
                0x8002015c      0x1bc D:/msys64/opt/devkitpro/libogc/lib/wii\libogc.a(usbgecko.o)
                0x8002015c                usb_isgeckoalive
 .text.usb_sendbuffer_ex
                0x80020318      0x214 D:/msys64/opt/devkitpro/libogc/lib/wii\libogc.a(usbgecko.o)
                0x80020318                usb_sendbuffer_ex
 .text.usb_sendbuffer
                0x8002052c        0x8 D:/msys64/opt/devkitpro/libogc/lib/wii\libogc.a(usbgecko.o)
                0x8002052c                usb_sendbuffer
 .text.usb_sendbuffer_safe_ex
                0x80020534      0x2a8 D:/msys64/opt/devkitpro/libogc/lib/wii\libogc.a(usbgecko.o)
                0x80020534                usb_sendbuffer_safe_ex
 .text.usb_sendbuffer_safe
                0x800207dc        0x8 D:/msys64/opt/devkitpro/libogc/lib/wii\libogc.a(usbgecko.o)
                0x800207dc                usb_sendbuffer_safe
 .text._sbrk_r  0x800207e4      0x28c D:/msys64/opt/devkitpro/libogc/lib/wii\libogc.a(sbrk.o)
                0x800207e4                _sbrk_r
 .text.__memlock_init
                0x80020a70       0x7c D:/msys64/opt/devkitpro/libogc/lib/wii\libogc.a(malloc_lock.o)
                0x80020a70                __memlock_init
 .text.__libogc_malloc_lock
                0x80020aec      0x1fc D:/msys64/opt/devkitpro/libogc/lib/wii\libogc.a(malloc_lock.o)
                0x80020aec                __libogc_malloc_lock
 .text.__libogc_malloc_unlock
                0x80020ce8       0x64 D:/msys64/opt/devkitpro/libogc/lib/wii\libogc.a(malloc_lock.o)
                0x80020ce8                __libogc_malloc_unlock
 .text.__STM_SetEventHook
                0x80020d4c       0xb0 D:/msys64/opt/devkitpro/libogc/lib/wii\libogc.a(stm.o)
                0x80020d4c                __STM_SetEventHook
 .text.__STM_Init
                0x80020dfc       0x8c D:/msys64/opt/devkitpro/libogc/lib/wii\libogc.a(stm.o)
                0x80020dfc                __STM_Init
 .text.__STMEventHandler
                0x80020e88       0x64 D:/msys64/opt/devkitpro/libogc/lib/wii\libogc.a(stm.o)
 .text.__STM_ReleaseEventHook
                0x80020eec       0x80 D:/msys64/opt/devkitpro/libogc/lib/wii\libogc.a(stm.o)
                0x80020eec                __STM_ReleaseEventHook
 .text.__STM_Close
                0x80020f6c       0xac D:/msys64/opt/devkitpro/libogc/lib/wii\libogc.a(stm.o)
                0x80020f6c                __STM_Close
 .text.STM_RegisterEventHandler
                0x80021018       0x10 D:/msys64/opt/devkitpro/libogc/lib/wii\libogc.a(stm.o)
                0x80021018                STM_RegisterEventHandler
 .text.STM_ShutdownToStandby
                0x80021028       0x50 D:/msys64/opt/devkitpro/libogc/lib/wii\libogc.a(stm.o)
                0x80021028                STM_ShutdownToStandby
 .text.STM_ShutdownToIdle
                0x80021078       0x70 D:/msys64/opt/devkitpro/libogc/lib/wii\libogc.a(stm.o)
                0x80021078                STM_ShutdownToIdle
 .text.STM_SetLedMode
                0x800210e8       0x40 D:/msys64/opt/devkitpro/libogc/lib/wii\libogc.a(stm.o)
                0x800210e8                STM_SetLedMode
 .text.STM_RebootSystem
                0x80021128       0x50 D:/msys64/opt/devkitpro/libogc/lib/wii\libogc.a(stm.o)
                0x80021128                STM_RebootSystem
 .text.__IOS_InitializeSubsystems
                0x80021178       0x44 D:/msys64/opt/devkitpro/libogc/lib/wii\libogc.a(ios.o)
                0x80021178                __IOS_InitializeSubsystems
 .text.__IOS_ShutdownSubsystems
                0x800211bc       0x44 D:/msys64/opt/devkitpro/libogc/lib/wii\libogc.a(ios.o)
                0x800211bc                __IOS_ShutdownSubsystems
 .text.__IOS_LoadStartupIOS
                0x80021200        0x8 D:/msys64/opt/devkitpro/libogc/lib/wii\libogc.a(ios.o)
                0x80021200                __IOS_LoadStartupIOS
 .text._ES_fstat_r
                0x80021208      0x120 D:/msys64/opt/devkitpro/libogc/lib/wii\libogc.a(es.o)
 .text._ES_seek_r
                0x80021328       0xdc D:/msys64/opt/devkitpro/libogc/lib/wii\libogc.a(es.o)
 .text._ES_close_r
                0x80021404       0xac D:/msys64/opt/devkitpro/libogc/lib/wii\libogc.a(es.o)
 .text.__ES_Init
                0x800214b0       0x78 D:/msys64/opt/devkitpro/libogc/lib/wii\libogc.a(es.o)
                0x800214b0                __ES_Init
 .text.__ES_Close
                0x80021528       0x54 D:/msys64/opt/devkitpro/libogc/lib/wii\libogc.a(es.o)
                0x80021528                __ES_Close
 .text.ES_GetTitleID
                0x8002157c       0x94 D:/msys64/opt/devkitpro/libogc/lib/wii\libogc.a(es.o)
                0x8002157c                ES_GetTitleID
 .text.ES_LaunchTitle
                0x80021610       0xa4 D:/msys64/opt/devkitpro/libogc/lib/wii\libogc.a(es.o)
                0x80021610                ES_LaunchTitle
 .text.ES_GetNumTicketViews
                0x800216b4       0x98 D:/msys64/opt/devkitpro/libogc/lib/wii\libogc.a(es.o)
                0x800216b4                ES_GetNumTicketViews
 .text.ES_GetTicketViews
                0x8002174c       0x8c D:/msys64/opt/devkitpro/libogc/lib/wii\libogc.a(es.o)
                0x8002174c                ES_GetTicketViews
 .text.ES_GetStoredTMD
                0x800217d8       0x90 D:/msys64/opt/devkitpro/libogc/lib/wii\libogc.a(es.o)
                0x800217d8                ES_GetStoredTMD
 .text._ES_decodepath
                0x80021868      0x440 D:/msys64/opt/devkitpro/libogc/lib/wii\libogc.a(es.o)
 .text._ES_stat_r
                0x80021ca8       0xf4 D:/msys64/opt/devkitpro/libogc/lib/wii\libogc.a(es.o)
 .text._ES_open_r
                0x80021d9c      0x1d0 D:/msys64/opt/devkitpro/libogc/lib/wii\libogc.a(es.o)
 .text.ES_ReadContent
                0x80021f6c       0x6c D:/msys64/opt/devkitpro/libogc/lib/wii\libogc.a(es.o)
                0x80021f6c                ES_ReadContent
 .text._ES_read_r
                0x80021fd8      0x17c D:/msys64/opt/devkitpro/libogc/lib/wii\libogc.a(es.o)
 .text.ISFS_Initialize
                0x80022154       0x8c D:/msys64/opt/devkitpro/libogc/lib/wii\libogc.a(isfs.o)
                0x80022154                ISFS_Initialize
 .text.ISFS_Deinitialize
                0x800221e0       0x40 D:/msys64/opt/devkitpro/libogc/lib/wii\libogc.a(isfs.o)
                0x800221e0                ISFS_Deinitialize
 .text.ISFS_Open
                0x80022220       0xd4 D:/msys64/opt/devkitpro/libogc/lib/wii\libogc.a(isfs.o)
                0x80022220                ISFS_Open
 .text.ISFS_Write
                0x800222f4       0x1c D:/msys64/opt/devkitpro/libogc/lib/wii\libogc.a(isfs.o)
                0x800222f4                ISFS_Write
 .text.ISFS_Read
                0x80022310       0x28 D:/msys64/opt/devkitpro/libogc/lib/wii\libogc.a(isfs.o)
                0x80022310                ISFS_Read
 .text.ISFS_Seek
                0x80022338        0x4 D:/msys64/opt/devkitpro/libogc/lib/wii\libogc.a(isfs.o)
                0x80022338                ISFS_Seek
 .text.ISFS_Close
                0x8002233c       0x14 D:/msys64/opt/devkitpro/libogc/lib/wii\libogc.a(isfs.o)
                0x8002233c                ISFS_Close
 .text.__usbv5_devicechangeCB
                0x80022350      0x180 D:/msys64/opt/devkitpro/libogc/lib/wii\libogc.a(usb.o)
 .text.__usbv5_attachfinishCB
                0x800224d0       0xcc D:/msys64/opt/devkitpro/libogc/lib/wii\libogc.a(usb.o)
 .text.__usbv5_messageCB
                0x8002259c       0x5c D:/msys64/opt/devkitpro/libogc/lib/wii\libogc.a(usb.o)
 .text.__usbv0_messageCB
                0x800225f8       0xa8 D:/msys64/opt/devkitpro/libogc/lib/wii\libogc.a(usb.o)
 .text.__usb_control_message
                0x800226a0      0x428 D:/msys64/opt/devkitpro/libogc/lib/wii\libogc.a(usb.o)
 .text.__usb_interrupt_bulk_message
                0x80022ac8      0x2c0 D:/msys64/opt/devkitpro/libogc/lib/wii\libogc.a(usb.o)
 .text.USB_FreeDescriptors.part.0
                0x80022d88       0xfc D:/msys64/opt/devkitpro/libogc/lib/wii\libogc.a(usb.o)
 .text.USB_GetDescriptors.part.0
                0x80022e84      0x674 D:/msys64/opt/devkitpro/libogc/lib/wii\libogc.a(usb.o)
 .text.USBV5_SuspendResume
                0x800234f8      0x138 D:/msys64/opt/devkitpro/libogc/lib/wii\libogc.a(usb.o)
 .text.USBV5_GetDescriptors
                0x80023630      0x518 D:/msys64/opt/devkitpro/libogc/lib/wii\libogc.a(usb.o)
 .text.USB_Deinitialize
                0x80023b48       0xc8 D:/msys64/opt/devkitpro/libogc/lib/wii\libogc.a(usb.o)
                0x80023b48                USB_Deinitialize
 .text.USB_Initialize
                0x80023c10      0x2f8 D:/msys64/opt/devkitpro/libogc/lib/wii\libogc.a(usb.o)
                0x80023c10                USB_Initialize
 .text.USB_OpenDevice
                0x80023f08      0x2b8 D:/msys64/opt/devkitpro/libogc/lib/wii\libogc.a(usb.o)
                0x80023f08                USB_OpenDevice
 .text.USBV5_CloseDevice
                0x800241c0      0x128 D:/msys64/opt/devkitpro/libogc/lib/wii\libogc.a(usb.o)
                0x800241c0                USBV5_CloseDevice
 .text.USB_CloseDeviceAsync
                0x800242e8       0xd0 D:/msys64/opt/devkitpro/libogc/lib/wii\libogc.a(usb.o)
                0x800242e8                USB_CloseDeviceAsync
 .text.USB_ReadIntrMsgAsync
                0x800243b8       0x28 D:/msys64/opt/devkitpro/libogc/lib/wii\libogc.a(usb.o)
                0x800243b8                USB_ReadIntrMsgAsync
 .text.USB_ReadBlkMsgAsync
                0x800243e0       0x28 D:/msys64/opt/devkitpro/libogc/lib/wii\libogc.a(usb.o)
                0x800243e0                USB_ReadBlkMsgAsync
 .text.USB_WriteBlkMsgAsync
                0x80024408       0x28 D:/msys64/opt/devkitpro/libogc/lib/wii\libogc.a(usb.o)
                0x80024408                USB_WriteBlkMsgAsync
 .text.USB_WriteCtrlMsgAsync
                0x80024430        0x4 D:/msys64/opt/devkitpro/libogc/lib/wii\libogc.a(usb.o)
                0x80024430                USB_WriteCtrlMsgAsync
 .text.__CheckARGV
                0x80024434       0x80 D:/msys64/opt/devkitpro/libogc/lib/wii\libogc.a(argv.o)
                0x80024434                __CheckARGV
 .text.CONF_Init
                0x800244b4      0x184 D:/msys64/opt/devkitpro/libogc/lib/wii\libogc.a(conf.o)
                0x800244b4                CONF_Init
 .text.__CONF_GetTxt
                0x80024638      0x208 D:/msys64/opt/devkitpro/libogc/lib/wii\libogc.a(conf.o)
                0x80024638                __CONF_GetTxt
 .text.__CONF_Find
                0x80024840       0xfc D:/msys64/opt/devkitpro/libogc/lib/wii\libogc.a(conf.o)
                0x80024840                __CONF_Find
 .text.CONF_GetLength
                0x8002493c      0x12c D:/msys64/opt/devkitpro/libogc/lib/wii\libogc.a(conf.o)
                0x8002493c                CONF_GetLength
 .text.CONF_Get
                0x80024a68      0x140 D:/msys64/opt/devkitpro/libogc/lib/wii\libogc.a(conf.o)
                0x80024a68                CONF_Get
 .text.CONF_GetShutdownMode
                0x80024ba8       0x54 D:/msys64/opt/devkitpro/libogc/lib/wii\libogc.a(conf.o)
                0x80024ba8                CONF_GetShutdownMode
 .text.CONF_GetIdleLedMode
                0x80024bfc       0x54 D:/msys64/opt/devkitpro/libogc/lib/wii\libogc.a(conf.o)
                0x80024bfc                CONF_GetIdleLedMode
 .text.CONF_GetProgressiveScan
                0x80024c50       0x54 D:/msys64/opt/devkitpro/libogc/lib/wii\libogc.a(conf.o)
                0x80024c50                CONF_GetProgressiveScan
 .text.CONF_GetEuRGB60
                0x80024ca4       0x54 D:/msys64/opt/devkitpro/libogc/lib/wii\libogc.a(conf.o)
                0x80024ca4                CONF_GetEuRGB60
 .text.CONF_GetIRSensitivity
                0x80024cf8       0x54 D:/msys64/opt/devkitpro/libogc/lib/wii\libogc.a(conf.o)
                0x80024cf8                CONF_GetIRSensitivity
 .text.CONF_GetSensorBarPosition
                0x80024d4c       0x54 D:/msys64/opt/devkitpro/libogc/lib/wii\libogc.a(conf.o)
                0x80024d4c                CONF_GetSensorBarPosition
 .text.CONF_GetCounterBias
                0x80024da0       0x4c D:/msys64/opt/devkitpro/libogc/lib/wii\libogc.a(conf.o)
                0x80024da0                CONF_GetCounterBias
 .text.CONF_GetDisplayOffsetH
                0x80024dec       0x4c D:/msys64/opt/devkitpro/libogc/lib/wii\libogc.a(conf.o)
                0x80024dec                CONF_GetDisplayOffsetH
 .text.CONF_GetPadDevices
                0x80024e38       0x4c D:/msys64/opt/devkitpro/libogc/lib/wii\libogc.a(conf.o)
                0x80024e38                CONF_GetPadDevices
 .text.CONF_GetVideo
                0x80024e84       0x88 D:/msys64/opt/devkitpro/libogc/lib/wii\libogc.a(conf.o)
                0x80024e84                CONF_GetVideo
 .text.__WII_WriteNANDBootInfo.isra.0
                0x80024f0c       0xbc D:/msys64/opt/devkitpro/libogc/lib/wii\libogc.a(wiilaunch.o)
 .text.__WII_WriteStateFlags.isra.0
                0x80024fc8       0x94 D:/msys64/opt/devkitpro/libogc/lib/wii\libogc.a(wiilaunch.o)
 .text.WII_Initialize
                0x8002505c      0x188 D:/msys64/opt/devkitpro/libogc/lib/wii\libogc.a(wiilaunch.o)
                0x8002505c                WII_Initialize
 .text.WII_LaunchTitle
                0x800251e4      0x1ac D:/msys64/opt/devkitpro/libogc/lib/wii\libogc.a(wiilaunch.o)
                0x800251e4                WII_LaunchTitle
 .text.WII_ReturnToMenu
                0x80025390       0x58 D:/msys64/opt/devkitpro/libogc/lib/wii\libogc.a(wiilaunch.o)
                0x80025390                WII_ReturnToMenu
 .text.__lwp_priority_init
                0x800253e8       0x1c D:/msys64/opt/devkitpro/libogc/lib/wii\libogc.a(lwp_priority.o)
                0x800253e8                __lwp_priority_init
 .text.__lwp_threadqueue_enqueuefifo
                0x80025404      0x12c D:/msys64/opt/devkitpro/libogc/lib/wii\libogc.a(lwp_threadq.o)
                0x80025404                __lwp_threadqueue_enqueuefifo
 .text.__lwp_threadqueue_dequeuefifo
                0x80025530      0x134 D:/msys64/opt/devkitpro/libogc/lib/wii\libogc.a(lwp_threadq.o)
                0x80025530                __lwp_threadqueue_dequeuefifo
 .text.__lwp_threadqueue_enqueuepriority
                0x80025664      0x334 D:/msys64/opt/devkitpro/libogc/lib/wii\libogc.a(lwp_threadq.o)
                0x80025664                __lwp_threadqueue_enqueuepriority
 .text.__lwp_threadqueue_dequeuepriority
                0x80025998      0x1d8 D:/msys64/opt/devkitpro/libogc/lib/wii\libogc.a(lwp_threadq.o)
                0x80025998                __lwp_threadqueue_dequeuepriority
 .text.__lwp_threadqueue_init
                0x80025b70       0x64 D:/msys64/opt/devkitpro/libogc/lib/wii\libogc.a(lwp_threadq.o)
                0x80025b70                __lwp_threadqueue_init
 .text.__lwp_threadqueue_enqueue
                0x80025bd4      0x138 D:/msys64/opt/devkitpro/libogc/lib/wii\libogc.a(lwp_threadq.o)
                0x80025bd4                __lwp_threadqueue_enqueue
 .text.__lwp_threadqueue_dequeue
                0x80025d0c       0x24 D:/msys64/opt/devkitpro/libogc/lib/wii\libogc.a(lwp_threadq.o)
                0x80025d0c                __lwp_threadqueue_dequeue
 .text.__lwp_threadqueue_flush
                0x80025d30       0x68 D:/msys64/opt/devkitpro/libogc/lib/wii\libogc.a(lwp_threadq.o)
                0x80025d30                __lwp_threadqueue_flush
 .text.__lwp_threadqueue_extractfifo
                0x80025d98       0xe8 D:/msys64/opt/devkitpro/libogc/lib/wii\libogc.a(lwp_threadq.o)
                0x80025d98                __lwp_threadqueue_extractfifo
 .text.__lwp_threadqueue_extractpriority
                0x80025e80      0x148 D:/msys64/opt/devkitpro/libogc/lib/wii\libogc.a(lwp_threadq.o)
                0x80025e80                __lwp_threadqueue_extractpriority
 .text.__lwp_threadqueue_timeout
                0x80025fc8       0xd0 D:/msys64/opt/devkitpro/libogc/lib/wii\libogc.a(lwp_threadq.o)
 .text.__lwp_threadqueue_extractproxy
                0x80026098       0x64 D:/msys64/opt/devkitpro/libogc/lib/wii\libogc.a(lwp_threadq.o)
                0x80026098                __lwp_threadqueue_extractproxy
 .text.__lwp_mutex_initialize
                0x800260fc       0xa4 D:/msys64/opt/devkitpro/libogc/lib/wii\libogc.a(lwp_mutex.o)
                0x800260fc                __lwp_mutex_initialize
 .text.__lwp_mutex_surrender
                0x800261a0      0x14c D:/msys64/opt/devkitpro/libogc/lib/wii\libogc.a(lwp_mutex.o)
                0x800261a0                __lwp_mutex_surrender
 .text.__lwp_mutex_seize_irq_blocking
                0x800262ec       0xf8 D:/msys64/opt/devkitpro/libogc/lib/wii\libogc.a(lwp_mutex.o)
                0x800262ec                __lwp_mutex_seize_irq_blocking
 .text.__lwp_mutex_flush
                0x800263e4        0x4 D:/msys64/opt/devkitpro/libogc/lib/wii\libogc.a(lwp_mutex.o)
                0x800263e4                __lwp_mutex_flush
 .text.__systemcall_init
                0x800263e8       0x70 D:/msys64/opt/devkitpro/libogc/lib/wii\libogc.a(exception.o)
                0x800263e8                __systemcall_init
 .text.__exception_init
                0x80026458      0x120 D:/msys64/opt/devkitpro/libogc/lib/wii\libogc.a(exception.o)
                0x80026458                __exception_init
 .text.__exception_close
                0x80026578       0xac D:/msys64/opt/devkitpro/libogc/lib/wii\libogc.a(exception.o)
                0x80026578                __exception_close
 .text.__exception_closeall
                0x80026624       0x80 D:/msys64/opt/devkitpro/libogc/lib/wii\libogc.a(exception.o)
                0x80026624                __exception_closeall
 .text.c_default_exceptionhandler
                0x800266a4      0x458 D:/msys64/opt/devkitpro/libogc/lib/wii\libogc.a(exception.o)
                0x800266a4                c_default_exceptionhandler
 .text.__lwp_sema_init
                0x80026afc       0x14 D:/msys64/opt/devkitpro/libogc/lib/wii\libogc.a(semaphore.o)
                0x80026afc                __lwp_sema_init
 .text.SPEC1_MakeStatus
                0x80026b10      0x104 D:/msys64/opt/devkitpro/libogc/lib/wii\libogc.a(pad.o)
 .text.__pad_samplinghandler
                0x80026c14        0x4 D:/msys64/opt/devkitpro/libogc/lib/wii\libogc.a(pad.o)
 .text.__pad_doreset
                0x80026c18       0x50 D:/msys64/opt/devkitpro/libogc/lib/wii\libogc.a(pad.o)
 .text.__pad_updateorigin
                0x80026c68       0xa4 D:/msys64/opt/devkitpro/libogc/lib/wii\libogc.a(pad.o)
 .text.__pad_disable
                0x80026d0c       0xbc D:/msys64/opt/devkitpro/libogc/lib/wii\libogc.a(pad.o)
 .text.__pad_receivecheckcallback
                0x80026dc8       0x84 D:/msys64/opt/devkitpro/libogc/lib/wii\libogc.a(pad.o)
 .text.__pad_typeandstatuscallback
                0x80026e4c      0x1ac D:/msys64/opt/devkitpro/libogc/lib/wii\libogc.a(pad.o)
 .text.__pad_originupdatecallback
                0x80026ff8       0x2c D:/msys64/opt/devkitpro/libogc/lib/wii\libogc.a(pad.o)
 .text.__pad_onreset
                0x80027024      0x108 D:/msys64/opt/devkitpro/libogc/lib/wii\libogc.a(pad.o)
 .text.SPEC2_MakeStatus